Component: ARM Compiler 5.06 update 6 (build 750) Tool: armlink [4d35ed]

==============================================================================

Section Cross References

    system_stm32f4xx.o(i.SystemCoreClockUpdate) refers to system_stm32f4xx.o(.data) for SystemCoreClock
    system_stm32f4xx.o(i.SystemInit) refers to system_stm32f4xx.o(i.SetSysClock) for SetSysClock
    main.o(i.float_task) refers to tasks.o(i.vTaskDelay) for vTaskDelay
    main.o(i.led0_task) refers to ecatappl.o(i.MainLoop) for MainLoop
    main.o(i.led0_task) refers to tasks.o(i.vTaskDelay) for vTaskDelay
    main.o(i.led1_task) refers to tasks.o(i.vTaskDelay) for vTaskDelay
    main.o(i.main) refers to misc.o(i.NVIC_PriorityGroupConfig) for NVIC_PriorityGroupConfig
    main.o(i.main) refers to delay.o(i.delay_init) for delay_init
    main.o(i.main) refers to usart.o(i.uart_init) for uart_init
    main.o(i.main) refers to spi1.o(i.SPI1_GPIO_Init) for SPI1_GPIO_Init
    main.o(i.main) refers to el9800hw.o(i.HW_Init) for HW_Init
    main.o(i.main) refers to led.o(i.LED_Init) for LED_Init
    main.o(i.main) refers to ecatappl.o(i.MainInit) for MainInit
    main.o(i.main) refers to tasks.o(i.xTaskCreate) for xTaskCreate
    main.o(i.main) refers to tasks.o(i.vTaskStartScheduler) for vTaskStartScheduler
    main.o(i.main) refers to main.o(.data) for StartTask_Handler
    main.o(i.main) refers to main.o(i.start_task) for start_task
    main.o(i.start_task) refers to port.o(i.vPortEnterCritical) for vPortEnterCritical
    main.o(i.start_task) refers to tasks.o(i.xTaskCreate) for xTaskCreate
    main.o(i.start_task) refers to tasks.o(i.vTaskDelete) for vTaskDelete
    main.o(i.start_task) refers to port.o(i.vPortExitCritical) for vPortExitCritical
    main.o(i.start_task) refers to main.o(.data) for LED0Task_Handler
    main.o(i.start_task) refers to main.o(i.led0_task) for led0_task
    main.o(i.start_task) refers to main.o(i.led1_task) for led1_task
    main.o(i.start_task) refers to main.o(i.float_task) for float_task
    el9800appl.o(i.APPL_Application) refers to el9800appl.o(.data) for sDIInputs
    el9800appl.o(i.APPL_Application) refers to adc1.o(.data) for uhADCxConvertedValue
    el9800appl.o(i.APPL_Application) refers to el9800hw.o(.bss) for readdata
    el9800appl.o(i.APPL_GenerateMapping) refers to objdef.o(i.OBJ_GetObjectHandle) for OBJ_GetObjectHandle
    el9800appl.o(i.APPL_GenerateMapping) refers to objdef.o(i.OBJ_GetEntryOffset) for OBJ_GetEntryOffset
    el9800appl.o(i.APPL_GenerateMapping) refers to el9800appl.o(.data) for sRxPDOassign
    el9800appl.o(i.APPL_InputMapping) refers to el9800appl.o(.data) for sTxPDOassign
    el9800appl.o(i.APPL_OutputMapping) refers to el9800appl.o(.data) for sRxPDOassign
    el9800appl.o(i.APPL_StopOutputHandler) refers to el9800appl.o(.data) for sDOOutputs
    el9800appl.o(i.ReadObject0x1802) refers to memseta.o(.text) for __aeabi_memclr
    el9800appl.o(i.ReadObject0x1802) refers to el9800appl.o(.data) for TxPDO1802Subindex0
    el9800hw.o(i.AddressingEsc) refers to stm32f4xx_gpio.o(i.GPIO_ResetBits) for GPIO_ResetBits
    el9800hw.o(i.AddressingEsc) refers to spi1.o(i.WR_CMD) for WR_CMD
    el9800hw.o(i.EXTI15_10_IRQHandler) refers to stm32f4xx_gpio.o(i.GPIO_ToggleBits) for GPIO_ToggleBits
    el9800hw.o(i.EXTI15_10_IRQHandler) refers to ecatappl.o(i.Sync1_Isr) for Sync1_Isr
    el9800hw.o(i.EXTI15_10_IRQHandler) refers to stm32f4xx_exti.o(i.EXTI_ClearITPendingBit) for EXTI_ClearITPendingBit
    el9800hw.o(i.EXTI2_IRQHandler) refers to ecatappl.o(i.PDI_Isr) for PDI_Isr
    el9800hw.o(i.EXTI2_IRQHandler) refers to stm32f4xx_exti.o(i.EXTI_ClearITPendingBit) for EXTI_ClearITPendingBit
    el9800hw.o(i.EXTI9_5_IRQHandler) refers to ecatappl.o(i.Sync0_Isr) for Sync0_Isr
    el9800hw.o(i.EXTI9_5_IRQHandler) refers to stm32f4xx_exti.o(i.EXTI_ClearITPendingBit) for EXTI_ClearITPendingBit
    el9800hw.o(i.GetInterruptRegister) refers to stm32f4xx_gpio.o(i.GPIO_ResetBits) for GPIO_ResetBits
    el9800hw.o(i.GetInterruptRegister) refers to el9800hw.o(i.HW_EscReadIsr) for HW_EscReadIsr
    el9800hw.o(i.GetInterruptRegister) refers to stm32f4xx_gpio.o(i.GPIO_SetBits) for GPIO_SetBits
    el9800hw.o(i.GetInterruptRegister) refers to el9800hw.o(.data) for EscALEvent
    el9800hw.o(i.HW_EscRead) refers to el9800hw.o(i.AddressingEsc) for AddressingEsc
    el9800hw.o(i.HW_EscRead) refers to spi1.o(i.WR_CMD) for WR_CMD
    el9800hw.o(i.HW_EscRead) refers to stm32f4xx_gpio.o(i.GPIO_SetBits) for GPIO_SetBits
    el9800hw.o(i.HW_EscReadIsr) refers to el9800hw.o(i.ISR_AddressingEsc) for ISR_AddressingEsc
    el9800hw.o(i.HW_EscReadIsr) refers to spi1.o(i.WR_CMD) for WR_CMD
    el9800hw.o(i.HW_EscReadIsr) refers to stm32f4xx_gpio.o(i.GPIO_SetBits) for GPIO_SetBits
    el9800hw.o(i.HW_EscWrite) refers to el9800hw.o(i.AddressingEsc) for AddressingEsc
    el9800hw.o(i.HW_EscWrite) refers to spi1.o(i.WR_CMD) for WR_CMD
[...]
    _printf_ll                               0x00000000   Number         0  stubs.o ABSOLUTE
    _printf_lld                              0x00000000   Number         0  stubs.o ABSOLUTE
    _printf_lli                              0x00000000   Number         0  stubs.o ABSOLUTE
    _printf_llo                              0x00000000   Number         0  stubs.o ABSOLUTE
    _printf_llu                              0x00000000   Number         0  stubs.o ABSOLUTE
    _printf_llx                              0x00000000   Number         0  stubs.o ABSOLUTE
    _printf_longlong_dec                     0x00000000   Number         0  stubs.o ABSOLUTE
    _printf_longlong_hex                     0x00000000   Number         0  stubs.o ABSOLUTE
    _printf_longlong_oct                     0x00000000   Number         0  stubs.o ABSOLUTE
    _printf_ls                               0x00000000   Number         0  stubs.o ABSOLUTE
    _printf_mbtowc                           0x00000000   Number         0  stubs.o ABSOLUTE
    _printf_n                                0x00000000   Number         0  stubs.o ABSOLUTE
    _printf_o                                0x00000000   Number         0  stubs.o ABSOLUTE
    _printf_p                                0x00000000   Number         0  stubs.o ABSOLUTE
    _printf_percent                          0x00000000   Number         0  stubs.o ABSOLUTE
    _printf_pre_padding                      0x00000000   Number         0  stubs.o ABSOLUTE
    _printf_return_value                     0x00000000   Number         0  stubs.o ABSOLUTE
    _printf_s                                0x00000000   Number         0  stubs.o ABSOLUTE
    _printf_sizespec                         0x00000000   Number         0  stubs.o ABSOLUTE
    _printf_str                              0x00000000   Number         0  stubs.o ABSOLUTE
    _printf_truncate_signed                  0x00000000   Number         0  stubs.o ABSOLUTE
    _printf_truncate_unsigned                0x00000000   Number         0  stubs.o ABSOLUTE
    _printf_u                                0x00000000   Number         0  stubs.o ABSOLUTE
    _printf_wc                               0x00000000   Number         0  stubs.o ABSOLUTE
    _printf_wctomb                           0x00000000   Number         0  stubs.o ABSOLUTE
    _printf_widthprec                        0x00000000   Number         0  stubs.o ABSOLUTE
    _printf_x                                0x00000000   Number         0  stubs.o ABSOLUTE
    __cpp_initialize__aeabi_                  - Undefined Weak Reference
    __cxa_finalize                            - Undefined Weak Reference
    _clock_init                               - Undefined Weak Reference
    _microlib_exit                            - Undefined Weak Reference
    __Vectors_Size                           0x00000188   Number         0  startup_stm32f40_41xxx.o ABSOLUTE
    __Vectors                                0x08000000   Data           4  startup_stm32f40_41xxx.o(RESET)
    __Vectors_End                            0x08000188   Data           0  startup_stm32f40_41xxx.o(RESET)
    __main                                   0x08000189   Thumb Code     0  entry.o(.ARM.Collect$$$$00000000)
    _main_stk                                0x08000189   Thumb Code     0  entry2.o(.ARM.Collect$$$$00000001)
    _main_scatterload                        0x0800018d   Thumb Code     0  entry5.o(.ARM.Collect$$$$00000004)
    __main_after_scatterload                 0x08000191   Thumb Code     0  entry5.o(.ARM.Collect$$$$00000004)
    _main_clock                              0x08000191   Thumb Code     0  entry7b.o(.ARM.Collect$$$$00000008)
    _main_cpp_init                           0x08000191   Thumb Code     0  entry8b.o(.ARM.Collect$$$$0000000A)
    _main_init                               0x08000191   Thumb Code     0  entry9a.o(.ARM.Collect$$$$0000000B)
    __rt_final_cpp                           0x08000199   Thumb Code     0  entry10a.o(.ARM.Collect$$$$0000000D)
    __rt_final_exit                          0x08000199   Thumb Code     0  entry11a.o(.ARM.Collect$$$$0000000F)
    SVC_Handler                              0x0800019d   Thumb Code    28  port.o(.emb_text)
    __asm___6_port_c_39a90d8d__prvStartFirstTask 0x080001bd   Thumb Code    28  port.o(.emb_text)
    __asm___6_port_c_39a90d8d__prvEnableVFP  0x080001dd   Thumb Code    16  port.o(.emb_text)
    PendSV_Handler                           0x080001f1   Thumb Code    88  port.o(.emb_text)
    vPortGetIPSR                             0x0800024d   Thumb Code     6  port.o(.emb_text)
    Reset_Handler                            0x08000255   Thumb Code     8  startup_stm32f40_41xxx.o(.text)
    ADC_IRQHandler                           0x0800026f   Thumb Code     0  startup_stm32f40_41xxx.o(.text)
    CAN1_RX0_IRQHandler                      0x0800026f   Thumb Code     0  startup_stm32f40_41xxx.o(.text)
    CAN1_RX1_IRQHandler                      0x0800026f   Thumb Code     0  startup_stm32f40_41xxx.o(.text)
    CAN1_SCE_IRQHandler                      0x0800026f   Thumb Code     0  startup_stm32f40_41xxx.o(.text)
    CAN1_TX_IRQHandler                       0x0800026f   Thumb Code     0  startup_stm32f40_41xxx.o(.text)
    CAN2_RX0_IRQHandler                      0x0800026f   Thumb Code     0  startup_stm32f40_41xxx.o(.text)
    CAN2_RX1_IRQHandler                      0x0800026f   Thumb Code     0  startup_stm32f40_41xxx.o(.text)
    CAN2_SCE_IRQHandler                      0x0800026f   Thumb Code     0  startup_stm32f40_41xxx.o(.text)
    CAN2_TX_IRQHandler                       0x0800026f   Thumb Code     0  startup_stm32f40_41xxx.o(.text)
    CRYP_IRQHandler                          0x0800026f   Thumb Code     0  startup_stm32f40_41xxx.o(.text)
    DCMI_IRQHandler                          0x0800026f   Thumb Code     0  startup_stm32f40_41xxx.o(.text)
    DMA1_Stream0_IRQHandler                  0x0800026f   Thumb Code     0  startup_stm32f40_41xxx.o(.text)
    DMA1_Stream1_IRQHandler                  0x0800026f   Thumb Code     0  startup_stm32f40_41xxx.o(.text)
    DMA1_Stream2_IRQHandler                  0x0800026f   Thumb Code     0  startup_stm32f40_41xxx.o(.text)
    DMA1_Stream3_IRQHandler                  0x0800026f   Thumb Code     0  startup_stm32f40_41xxx.o(.text)
    DMA1_Stream4_IRQHandler                  0x0800026f   Thumb Code     0  startup_stm32f40_41xxx.o(.text)
    DMA1_Stream5_IRQHandler                  0x0800026f   Thumb Code     0  startup_stm32f40_41xxx.o(.text)
    DMA1_Stream6_IRQHandler                  0x0800026f   Thumb Code     0  startup_stm32f40_41xxx.o(.text)
    DMA1_Stream7_IRQHandler                  0x0800026f   Thumb Code     0  startup_stm32f40_41xxx.o(.text)
    DMA2_Stream0_IRQHandler                  0x0800026f   Thumb Code     0  startup_stm32f40_41xxx.o(.text)
    DMA2_Stream1_IRQHandler                  0x0800026f   Thumb Code     0  startup_stm32f40_41xxx.o(.text)
    DMA2_Stream2_IRQHandler                  0x0800026f   Thumb Code     0  startup_stm32f40_41xxx.o(.text)
    DMA2_Stream3_IRQHandler                  0x0800026f   Thumb Code     0  startup_stm32f40_41xxx.o(.text)
    DMA2_Stream4_IRQHandler                  0x0800026f   Thumb Code     0  startup_stm32f40_41xxx.o(.text)
    DMA2_Stream5_IRQHandler                  0x0800026f   Thumb Code     0  startup_stm32f40_41xxx.o(.text)
    DMA2_Stream6_IRQHandler                  0x0800026f   Thumb Code     0  startup_stm32f40_41xxx.o(.text)
    DMA2_Stream7_IRQHandler                  0x0800026f   Thumb Code     0  startup_stm32f40_41xxx.o(.text)
    ETH_IRQHandler                           0x0800026f   Thumb Code     0  startup_stm32f40_41xxx.o(.text)
    ETH_WKUP_IRQHandler                      0x0800026f   Thumb Code     0  startup_stm32f40_41xxx.o(.text)
    EXTI0_IRQHandler                         0x0800026f   Thumb Code     0  startup_stm32f40_41xxx.o(.text)
    EXTI1_IRQHandler                         0x0800026f   Thumb Code     0  startup_stm32f40_41xxx.o(.text)
    EXTI3_IRQHandler                         0x0800026f   Thumb Code     0  startup_stm32f40_41xxx.o(.text)
    EXTI4_IRQHandler                         0x0800026f   Thumb Code     0  startup_stm32f40_41xxx.o(.text)
    FLASH_IRQHandler                         0x0800026f   Thumb Code     0  startup_stm32f40_41xxx.o(.text)
    FPU_IRQHandler                           0x0800026f   Thumb Code     0  startup_stm32f40_41xxx.o(.text)
    FSMC_IRQHandler                          0x0800026f   Thumb Code     0  startup_stm32f40_41xxx.o(.text)
    HASH_RNG_IRQHandler                      0x0800026f   Thumb Code     0  startup_stm32f40_41xxx.o(.text)
    I2C1_ER_IRQHandler                       0x0800026f   Thumb Code     0  startup_stm32f40_41xxx.o(.text)
    I2C1_EV_IRQHandler                       0x0800026f   Thumb Code     0  startup_stm32f40_41xxx.o(.text)
    I2C2_ER_IRQHandler                       0x0800026f   Thumb Code     0  startup_stm32f40_41xxx.o(.text)
    I2C2_EV_IRQHandler                       0x0800026f   Thumb Code     0  startup_stm32f40_41xxx.o(.text)
    I2C3_ER_IRQHandler                       0x0800026f   Thumb Code     0  startup_stm32f40_41xxx.o(.text)
    I2C3_EV_IRQHandler                       0x0800026f   Thumb Code     0  startup_stm32f40_41xxx.o(.text)
    OTG_FS_IRQHandler                        0x0800026f   Thumb Code     0  startup_stm32f40_41xxx.o(.text)
    OTG_FS_WKUP_IRQHandler                   0x0800026f   Thumb Code     0  startup_stm32f40_41xxx.o(.text)
    OTG_HS_EP1_IN_IRQHandler                 0x0800026f   Thumb Code     0  startup_stm32f40_41xxx.o(.text)
    OTG_HS_EP1_OUT_IRQHandler                0x0800026f   Thumb Code     0  startup_stm32f40_41xxx.o(.text)
    OTG_HS_IRQHandler                        0x0800026f   Thumb Code     0  startup_stm32f40_41xxx.o(.text)
    OTG_HS_WKUP_IRQHandler                   0x0800026f   Thumb Code     0  startup_stm32f40_41xxx.o(.text)
    PVD_IRQHandler                           0x0800026f   Thumb Code     0  startup_stm32f40_41xxx.o(.text)
    RCC_IRQHandler                           0x0800026f   Thumb Code     0  startup_stm32f40_41xxx.o(.text)
    RTC_Alarm_IRQHandler                     0x0800026f   Thumb Code     0  startup_stm32f40_41xxx.o(.text)
    RTC_WKUP_IRQHandler                      0x0800026f   Thumb Code     0  startup_stm32f40_41xxx.o(.text)
    SDIO_IRQHandler                          0x0800026f   Thumb Code     0  startup_stm32f40_41xxx.o(.text)
    SPI1_IRQHandler                          0x0800026f   Thumb Code     0  startup_stm32f40_41xxx.o(.text)
    SPI2_IRQHandler                          0x0800026f   Thumb Code     0  startup_stm32f40_41xxx.o(.text)
    SPI3_IRQHandler                          0x0800026f   Thumb Code     0  startup_stm32f40_41xxx.o(.text)
    TAMP_STAMP_IRQHandler                    0x0800026f   Thumb Code     0  startup_stm32f40_41xxx.o(.text)
    TIM1_BRK_TIM9_IRQHandler                 0x0800026f   Thumb Code     0  startup_stm32f40_41xxx.o(.text)
    TIM1_CC_IRQHandler                       0x0800026f   Thumb Code     0  startup_stm32f40_41xxx.o(.text)
    TIM1_TRG_COM_TIM11_IRQHandler            0x0800026f   Thumb Code     0  startup_stm32f40_41xxx.o(.text)
    TIM1_UP_TIM10_IRQHandler                 0x0800026f   Thumb Code     0  startup_stm32f40_41xxx.o(.text)
    TIM3_IRQHandler                          0x0800026f   Thumb Code     0  startup_stm32f40_41xxx.o(.text)
    TIM4_IRQHandler                          0x0800026f   Thumb Code     0  startup_stm32f40_41xxx.o(.text)
    TIM5_IRQHandler                          0x0800026f   Thumb Code     0  startup_stm32f40_41xxx.o(.text)
    TIM6_DAC_IRQHandler                      0x0800026f   Thumb Code     0  startup_stm32f40_41xxx.o(.text)
    TIM7_IRQHandler                          0x0800026f   Thumb Code     0  startup_stm32f40_41xxx.o(.text)
    TIM8_BRK_TIM12_IRQHandler                0x0800026f   Thumb Code     0  startup_stm32f40_41xxx.o(.text)
    TIM8_CC_IRQHandler                       0x0800026f   Thumb Code     0  startup_stm32f40_41xxx.o(.text)
    TIM8_TRG_COM_TIM14_IRQHandler            0x0800026f   Thumb Code     0  startup_stm32f40_41xxx.o(.text)
    TIM8_UP_TIM13_IRQHandler                 0x0800026f   Thumb Code     0  startup_stm32f40_41xxx.o(.text)
    UART4_IRQHandler                         0x0800026f   Thumb Code     0  startup_stm32f40_41xxx.o(.text)
    UART5_IRQHandler                         0x0800026f   Thumb Code     0  startup_stm32f40_41xxx.o(.text)
    USART1_IRQHandler                        0x0800026f   Thumb Code     0  startup_stm32f40_41xxx.o(.text)
    USART3_IRQHandler                        0x0800026f   Thumb Code     0  startup_stm32f40_41xxx.o(.text)
    USART6_IRQHandler                        0x0800026f   Thumb Code     0  startup_stm32f40_41xxx.o(.text)
    WWDG_IRQHandler                          0x0800026f   Thumb Code     0  startup_stm32f40_41xxx.o(.text)
    __aeabi_memcpy                           0x08000279   Thumb Code    36  memcpya.o(.text)
    __aeabi_memcpy4                          0x08000279   Thumb Code     0  memcpya.o(.text)
    __aeabi_memcpy8                          0x08000279   Thumb Code     0  memcpya.o(.text)
    __aeabi_memset                           0x0800029d   Thumb Code    14  memseta.o(.text)
    __aeabi_memset4                          0x0800029d   Thumb Code     0  memseta.o(.text)
    __aeabi_memset8                          0x0800029d   Thumb Code     0  memseta.o(.text)
    __aeabi_memclr                           0x080002ab   Thumb Code     4  memseta.o(.text)
    __aeabi_memclr4                          0x080002ab   Thumb Code     0  memseta.o(.text)
    __aeabi_memclr8                          0x080002ab   Thumb Code     0  memseta.o(.text)
    _memset$wrapper                          0x080002af   Thumb Code    18  memseta.o(.text)
    strlen                                   0x080002c1   Thumb Code    14  strlen.o(.text)
    __aeabi_uidiv                            0x080002cf   Thumb Code     0  uidiv.o(.text)
    __aeabi_uidivmod                         0x080002cf   Thumb Code    44  uidiv.o(.text)
    __scatterload                            0x080002fd   Thumb Code    28  init.o(.text)
    __scatterload_rt2                        0x080002fd   Thumb Code     0  init.o(.text)
    __decompress                             0x08000321   Thumb Code     0  __dczerorl2.o(.text)
    __decompress1                            0x08000321   Thumb Code    86  __dczerorl2.o(.text)
    ADC_Cmd                                  0x08000377   Thumb Code    22  stm32f4xx_adc.o(i.ADC_Cmd)
    ADC_CommonInit                           0x0800038d   Thumb Code    34  stm32f4xx_adc.o(i.ADC_CommonInit)
    ADC_Configuration                        0x080003bd   Thumb Code   254  adc1.o(i.ADC_Configuration)
    ADC_DMACmd                               0x080004cd   Thumb Code    22  stm32f4xx_adc.o(i.ADC_DMACmd)
    ADC_DMARequestAfterLastTransferCmd       0x080004e3   Thumb Code    22  stm32f4xx_adc.o(i.ADC_DMARequestAfterLastTransferCmd)
    ADC_Init                                 0x080004f9   Thumb Code    74  stm32f4xx_adc.o(i.ADC_Init)
    ADC_RegularChannelConfig                 0x0800054d   Thumb Code   184  stm32f4xx_adc.o(i.ADC_RegularChannelConfig)
    ADC_SoftwareStartConv                    0x08000605   Thumb Code    10  stm32f4xx_adc.o(i.ADC_SoftwareStartConv)
    AL_ControlInd                            0x08000611   Thumb Code  1104  ecatslv.o(i.AL_ControlInd)
    AL_ControlRes                            0x08000a69   Thumb Code   470  ecatslv.o(i.AL_ControlRes)
    APPL_AckErrorInd                         0x08000c81   Thumb Code     2  el9800appl.o(i.APPL_AckErrorInd)
    APPL_Application                         0x08000c85   Thumb Code   188  el9800appl.o(i.APPL_Application)
    APPL_GenerateMapping                     0x08000d51   Thumb Code   234  el9800appl.o(i.APPL_GenerateMapping)
    APPL_InputMapping                        0x08000e45   Thumb Code   354  el9800appl.o(i.APPL_InputMapping)
    APPL_OutputMapping                       0x08000fb5   Thumb Code    54  el9800appl.o(i.APPL_OutputMapping)
    APPL_StartInputHandler                   0x08000ff5   Thumb Code     6  el9800appl.o(i.APPL_StartInputHandler)
    APPL_StartMailboxHandler                 0x08000ffb   Thumb Code     4  el9800appl.o(i.APPL_StartMailboxHandler)
    APPL_StartOutputHandler                  0x08000fff   Thumb Code     4  el9800appl.o(i.APPL_StartOutputHandler)
    APPL_StopInputHandler                    0x08001003   Thumb Code     4  el9800appl.o(i.APPL_StopInputHandler)
    APPL_StopMailboxHandler                  0x08001007   Thumb Code     4  el9800appl.o(i.APPL_StopMailboxHandler)
    APPL_StopOutputHandler                   0x0800100d   Thumb Code    86  el9800appl.o(i.APPL_StopOutputHandler)
    AddObjectsToObjDictionary                0x08001069   Thumb Code    40  coeappl.o(i.AddObjectsToObjDictionary)
    BackToInitTransition                     0x080010c5   Thumb Code     8  ecatslv.o(i.BackToInitTransition)
    BusFault_Handler                         0x080010d1   Thumb Code     4  stm32f4xx_it.o(i.BusFault_Handler)
    COE_AddObjectToDic                       0x080010d5   Thumb Code   140  coeappl.o(i.COE_AddObjectToDic)
    COE_ClearObjDictionary                   0x08001165   Thumb Code    32  coeappl.o(i.COE_ClearObjDictionary)
    COE_ContinueInd                          0x08001189   Thumb Code    64  ecatcoe.o(i.COE_ContinueInd)
    COE_GetObjectDictionary                  0x080011d1   Thumb Code     6  coeappl.o(i.COE_GetObjectDictionary)
    COE_Init                                 0x080011dd   Thumb Code    12  ecatcoe.o(i.COE_Init)
    COE_Main                                 0x080011f1   Thumb Code   154  coeappl.o(i.COE_Main)
    COE_ObjDictionaryInit                    0x080012ad   Thumb Code    36  coeappl.o(i.COE_ObjDictionaryInit)
    COE_ObjInit                              0x080012dd   Thumb Code   132  coeappl.o(i.COE_ObjInit)
    COE_RemoveDicEntry                       0x08001391   Thumb Code    62  coeappl.o(i.COE_RemoveDicEntry)
    COE_ServiceInd                           0x080013d5   Thumb Code    72  ecatcoe.o(i.COE_ServiceInd)
    CheckIfEcatError                         0x0800141d   Thumb Code   120  ecatslv.o(i.CheckIfEcatError)
    CheckSmSettings                          0x080014b1   Thumb Code   702  ecatslv.o(i.CheckSmSettings)
    CheckSyncTypeValue                       0x08001799   Thumb Code   242  objdef.o(i.CheckSyncTypeValue)
    DC_CheckWatchdog                         0x0800189d   Thumb Code   208  ecatslv.o(i.DC_CheckWatchdog)
    DMA_Cmd                                  0x08001999   Thumb Code    22  stm32f4xx_dma.o(i.DMA_Cmd)
    DMA_Init                                 0x080019b1   Thumb Code    82  stm32f4xx_dma.o(i.DMA_Init)
    DebugMon_Handler                         0x08001a09   Thumb Code     2  stm32f4xx_it.o(i.DebugMon_Handler)
    DisableSyncManChannel                    0x08001a0b   Thumb Code    52  ecatslv.o(i.DisableSyncManChannel)
    ECAT_Application                         0x08001a3f   Thumb Code     8  ecatappl.o(i.ECAT_Application)
    ECAT_CheckTimer                          0x08001a49   Thumb Code    52  ecatappl.o(i.ECAT_CheckTimer)
    ECAT_Init                                0x08001a8d   Thumb Code   196  ecatslv.o(i.ECAT_Init)
    ECAT_Main                                0x08001ba9   Thumb Code   324  ecatslv.o(i.ECAT_Main)
    EXTI12_Configuration                     0x08001d05   Thumb Code   116  exit.o(i.EXTI12_Configuration)
    EXTI15_10_IRQHandler                     0x08001d7d   Thumb Code    26  el9800hw.o(i.EXTI15_10_IRQHandler)
    EXTI2_Configuration                      0x08001d9d   Thumb Code   108  exit.o(i.EXTI2_Configuration)
    EXTI2_IRQHandler                         0x08001e0d   Thumb Code    14  el9800hw.o(i.EXTI2_IRQHandler)
    EXTI9_5_IRQHandler                       0x08001e1b   Thumb Code    16  el9800hw.o(i.EXTI9_5_IRQHandler)
    EXTI9_Configuration                      0x08001e2d   Thumb Code   114  exit.o(i.EXTI9_Configuration)
    EXTI_ClearITPendingBit                   0x08001ea5   Thumb Code     6  stm32f4xx_exti.o(i.EXTI_ClearITPendingBit)
    EXTI_Init                                0x08001eb1   Thumb Code   142  stm32f4xx_exti.o(i.EXTI_Init)
    EnableSyncManChannel                     0x08001f45   Thumb Code    50  ecatslv.o(i.EnableSyncManChannel)
    GPIO_Init                                0x08001f77   Thumb Code   144  stm32f4xx_gpio.o(i.GPIO_Init)
    GPIO_PinAFConfig                         0x08002007   Thumb Code    70  stm32f4xx_gpio.o(i.GPIO_PinAFConfig)
    GPIO_ResetBits                           0x0800204d   Thumb Code     4  stm32f4xx_gpio.o(i.GPIO_ResetBits)
    GPIO_SetBits                             0x08002051   Thumb Code     4  stm32f4xx_gpio.o(i.GPIO_SetBits)
    GPIO_StructInit                          0x08002055   Thumb Code    18  stm32f4xx_gpio.o(i.GPIO_StructInit)
    GPIO_ToggleBits                          0x08002067   Thumb Code     8  stm32f4xx_gpio.o(i.GPIO_ToggleBits)
    GetOutOfMbxQueue                         0x080020a1   Thumb Code    46  mailbox.o(i.GetOutOfMbxQueue)
    GetSyncMan                               0x080020d1   Thumb Code    24  ecatslv.o(i.GetSyncMan)
    HW_EscRead                               0x080020ed   Thumb Code    70  el9800hw.o(i.HW_EscRead)
    HW_EscReadIsr                            0x08002139   Thumb Code    76  el9800hw.o(i.HW_EscReadIsr)
    HW_EscWrite                              0x08002189   Thumb Code    70  el9800hw.o(i.HW_EscWrite)
    HW_EscWriteIsr                           0x080021d5   Thumb Code    62  el9800hw.o(i.HW_EscWriteIsr)
    HW_GetALEventRegister                    0x08002219   Thumb Code    12  el9800hw.o(i.HW_GetALEventRegister)
    HW_GetALEventRegister_Isr                0x08002229   Thumb Code    12  el9800hw.o(i.HW_GetALEventRegister_Isr)
    HW_Init                                  0x08002239   Thumb Code   112  el9800hw.o(i.HW_Init)
    HandleBusCycleCalculation                0x080022a9   Thumb Code   140  ecatappl.o(i.HandleBusCycleCalculation)
    HardFault_Handler                        0x08002355   Thumb Code     4  stm32f4xx_it.o(i.HardFault_Handler)
    LED_Init                                 0x080023c5   Thumb Code    60  led.o(i.LED_Init)
    MBX_CheckAndCopyMailbox                  0x08002405   Thumb Code   250  mailbox.o(i.MBX_CheckAndCopyMailbox)
    MBX_CopyToSendMailbox                    0x08002521   Thumb Code   186  mailbox.o(i.MBX_CopyToSendMailbox)
    MBX_Init                                 0x08002601   Thumb Code   136  mailbox.o(i.MBX_Init)
    MBX_MailboxReadInd                       0x080026cd   Thumb Code   140  mailbox.o(i.MBX_MailboxReadInd)
    MBX_MailboxRepeatReq                     0x08002775   Thumb Code    82  mailbox.o(i.MBX_MailboxRepeatReq)
    MBX_MailboxSendReq                       0x080027dd   Thumb Code   132  mailbox.o(i.MBX_MailboxSendReq)
    MBX_MailboxWriteInd                      0x08002871   Thumb Code   116  mailbox.o(i.MBX_MailboxWriteInd)
    MBX_Main                                 0x080028ed   Thumb Code    70  mailbox.o(i.MBX_Main)
    MBX_StartMailboxHandler                  0x0800293d   Thumb Code   166  mailbox.o(i.MBX_StartMailboxHandler)
    MBX_StopMailboxHandler                   0x080029fd   Thumb Code   222  mailbox.o(i.MBX_StopMailboxHandler)
    MailboxServiceInd                        0x08002b0d   Thumb Code    34  mailbox.o(i.MailboxServiceInd)
    MainInit                                 0x08002b31   Thumb Code    36  ecatappl.o(i.MainInit)
    MainLoop                                 0x08002b65   Thumb Code    26  ecatappl.o(i.MainLoop)
    MemManage_Handler                        0x08002b85   Thumb Code     4  stm32f4xx_it.o(i.MemManage_Handler)
    NMI_Handler                              0x08002b89   Thumb Code     2  stm32f4xx_it.o(i.NMI_Handler)
    NVIC_Init                                0x08002bd1   Thumb Code   106  misc.o(i.NVIC_Init)
    NVIC_PriorityGroupConfig                 0x08002c49   Thumb Code    10  misc.o(i.NVIC_PriorityGroupConfig)
    OBJ_CopyNumberToString                   0x08002c5d   Thumb Code    60  objdef.o(i.OBJ_CopyNumberToString)
    OBJ_GetDesc                              0x08002c99   Thumb Code   200  objdef.o(i.OBJ_GetDesc)
    OBJ_GetEntryDesc                         0x08002d65   Thumb Code    38  objdef.o(i.OBJ_GetEntryDesc)
    OBJ_GetEntryOffset                       0x08002d8b   Thumb Code   262  objdef.o(i.OBJ_GetEntryOffset)
    OBJ_GetNoOfObjects                       0x08002e91   Thumb Code   100  objdef.o(i.OBJ_GetNoOfObjects)
    OBJ_GetObjDesc                           0x08002ef5   Thumb Code     8  objdef.o(i.OBJ_GetObjDesc)
    OBJ_GetObjectHandle                      0x08002efd   Thumb Code    32  objdef.o(i.OBJ_GetObjectHandle)
    OBJ_GetObjectLength                      0x08002f1d   Thumb Code   150  objdef.o(i.OBJ_GetObjectLength)
    OBJ_GetObjectList                        0x08002fb5   Thumb Code   184  objdef.o(i.OBJ_GetObjectList)
    OBJ_Read                                 0x08003071   Thumb Code  1144  objdef.o(i.OBJ_Read)
    OBJ_Write                                0x080034e9   Thumb Code  1214  objdef.o(i.OBJ_Write)
    PDI_Isr                                  0x080039a9   Thumb Code   240  ecatappl.o(i.PDI_Isr)
    PDO_InputMapping                         0x08003ac9   Thumb Code    24  ecatappl.o(i.PDO_InputMapping)
    PDO_OutputMapping                        0x08003aed   Thumb Code    24  ecatappl.o(i.PDO_OutputMapping)
    PutInMbxQueue                            0x08003b11   Thumb Code    44  mailbox.o(i.PutInMbxQueue)
    RCC_AHB1PeriphClockCmd                   0x08003b3d   Thumb Code    26  stm32f4xx_rcc.o(i.RCC_AHB1PeriphClockCmd)
    RCC_APB1PeriphClockCmd                   0x08003b5d   Thumb Code    26  stm32f4xx_rcc.o(i.RCC_APB1PeriphClockCmd)
    RCC_APB1PeriphResetCmd                   0x08003b7d   Thumb Code    26  stm32f4xx_rcc.o(i.RCC_APB1PeriphResetCmd)
    RCC_APB2PeriphClockCmd                   0x08003b9d   Thumb Code    26  stm32f4xx_rcc.o(i.RCC_APB2PeriphClockCmd)
    RCC_APB2PeriphResetCmd                   0x08003bbd   Thumb Code    26  stm32f4xx_rcc.o(i.RCC_APB2PeriphResetCmd)
    RCC_GetClocksFreq                        0x08003bdd   Thumb Code   214  stm32f4xx_rcc.o(i.RCC_GetClocksFreq)
    ReadObject0x1802                         0x08003cc5   Thumb Code    80  el9800appl.o(i.ReadObject0x1802)
    ResetALEventMask                         0x08003d19   Thumb Code    50  ecatslv.o(i.ResetALEventMask)
    SDOS_SdoInd                              0x08003d4d   Thumb Code  1010  sdoserv.o(i.SDOS_SdoInd)
    SDOS_SdoInfoInd                          0x08004195   Thumb Code   712  sdoserv.o(i.SDOS_SdoInfoInd)
    SDOS_SdoRes                              0x08004479   Thumb Code   194  sdoserv.o(i.SDOS_SdoRes)
    SPI1_GPIO_Init                           0x08004565   Thumb Code   136  spi1.o(i.SPI1_GPIO_Init)
    SPI1_Init                                0x080045f5   Thumb Code    84  spi1.o(i.SPI1_Init)
    SPI_Cmd                                  0x0800464d   Thumb Code    24  stm32f4xx_spi.o(i.SPI_Cmd)
    SPI_I2S_DeInit                           0x08004665   Thumb Code   152  stm32f4xx_spi.o(i.SPI_I2S_DeInit)
    SPI_I2S_GetFlagStatus                    0x08004715   Thumb Code    18  stm32f4xx_spi.o(i.SPI_I2S_GetFlagStatus)
    SPI_I2S_ReceiveData                      0x08004727   Thumb Code     6  stm32f4xx_spi.o(i.SPI_I2S_ReceiveData)
    SPI_I2S_SendData                         0x0800472d   Thumb Code     4  stm32f4xx_spi.o(i.SPI_I2S_SendData)
    SPI_Init                                 0x08004731   Thumb Code    60  stm32f4xx_spi.o(i.SPI_Init)
    SYSCFG_EXTILineConfig                    0x0800476d   Thumb Code    60  stm32f4xx_syscfg.o(i.SYSCFG_EXTILineConfig)
    SdoRes                                   0x08004a51   Thumb Code   210  sdoserv.o(i.SdoRes)
    SetALEventMask                           0x08004ccd   Thumb Code    50  ecatslv.o(i.SetALEventMask)
    SetALStatus                              0x08004d01   Thumb Code    72  ecatslv.o(i.SetALStatus)
    StartInputHandler                        0x08004e39   Thumb Code  1488  ecatslv.o(i.StartInputHandler)
    StartOutputHandler                       0x08005449   Thumb Code    36  ecatslv.o(i.StartOutputHandler)
    StopInputHandler                         0x08005481   Thumb Code   126  ecatslv.o(i.StopInputHandler)
    StopOutputHandler                        0x08005551   Thumb Code    12  ecatslv.o(i.StopOutputHandler)
    Sync0_Isr                                0x08005565   Thumb Code   264  ecatappl.o(i.Sync0_Isr)
    Sync1_Isr                                0x080056a5   Thumb Code    40  ecatappl.o(i.Sync1_Isr)
    SysTick_CLKSourceConfig                  0x080056e1   Thumb Code    40  misc.o(i.SysTick_CLKSourceConfig)
    SysTick_Handler                          0x08005709   Thumb Code    16  delay.o(i.SysTick_Handler)
    SystemInit                               0x08005719   Thumb Code    88  system_stm32f4xx.o(i.SystemInit)
    TIM2_IRQHandler                          0x08005781   Thumb Code    38  el9800hw.o(i.TIM2_IRQHandler)
    TIM_ClearFlag                            0x080057ad   Thumb Code     6  stm32f4xx_tim.o(i.TIM_ClearFlag)
    TIM_ClearITPendingBit                    0x080057b3   Thumb Code     6  stm32f4xx_tim.o(i.TIM_ClearITPendingBit)
    TIM_Cmd                                  0x080057b9   Thumb Code    24  stm32f4xx_tim.o(i.TIM_Cmd)
    TIM_Configuration                        0x080057d1   Thumb Code    70  timer.o(i.TIM_Configuration)
    TIM_DeInit                               0x08005819   Thumb Code   346  stm32f4xx_tim.o(i.TIM_DeInit)
    TIM_TimeBaseInit                         0x080059a9   Thumb Code   104  stm32f4xx_tim.o(i.TIM_TimeBaseInit)
    USART2_IRQHandler                        0x08005a2d   Thumb Code   122  usart.o(i.USART2_IRQHandler)
    USART_Cmd                                0x08005ab5   Thumb Code    24  stm32f4xx_usart.o(i.USART_Cmd)
    USART_GetITStatus                        0x08005acd   Thumb Code    84  stm32f4xx_usart.o(i.USART_GetITStatus)
    USART_ITConfig                           0x08005b21   Thumb Code    74  stm32f4xx_usart.o(i.USART_ITConfig)
    USART_Init                               0x08005b6d   Thumb Code   204  stm32f4xx_usart.o(i.USART_Init)
    USART_ReceiveData                        0x08005c41   Thumb Code    10  stm32f4xx_usart.o(i.USART_ReceiveData)
    UpdateEEPROMLoadedState                  0x08005c4d   Thumb Code    64  ecatslv.o(i.UpdateEEPROMLoadedState)
    UsageFault_Handler                       0x08005c91   Thumb Code     4  stm32f4xx_it.o(i.UsageFault_Handler)
    WR_CMD                                   0x08005c95   Thumb Code    52  spi1.o(i.WR_CMD)
    __0printf$3                              0x08005ccd   Thumb Code    22  printf3.o(i.__0printf$3)
    __1printf$3                              0x08005ccd   Thumb Code     0  printf3.o(i.__0printf$3)
    __2printf                                0x08005ccd   Thumb Code     0  printf3.o(i.__0printf$3)
    __scatterload_copy                       0x08005ced   Thumb Code    14  handlers.o(i.__scatterload_copy)
    __scatterload_null                       0x08005cfb   Thumb Code     2  handlers.o(i.__scatterload_null)
    __scatterload_zeroinit                   0x08005cfd   Thumb Code    14  handlers.o(i.__scatterload_zeroinit)
    delay_init                               0x08005ec5   Thumb Code    58  delay.o(i.delay_init)
    float_task                               0x08005f09   Thumb Code    12  main.o(i.float_task)
    fputc                                    0x08005f15   Thumb Code    24  usart.o(i.fputc)
    free                                     0x08005f31   Thumb Code    76  malloc.o(i.free)
    led0_task                                0x08005f81   Thumb Code    26  main.o(i.led0_task)
    led1_task                                0x08005fa5   Thumb Code    32  main.o(i.led1_task)
    main                                     0x08005fcd   Thumb Code    68  main.o(i.main)
    malloc                                   0x08006025   Thumb Code    92  malloc.o(i.malloc)
    pvPortMalloc                             0x08006b89   Thumb Code   262  heap_4.o(i.pvPortMalloc)
    pvTaskIncrementMutexHeldCount            0x08006cdd   Thumb Code    26  tasks.o(i.pvTaskIncrementMutexHeldCount)
    pxPortInitialiseStack                    0x08006cfd   Thumb Code    38  port.o(i.pxPortInitialiseStack)
    start_task                               0x08006d29   Thumb Code    82  main.o(i.start_task)
    uart_init                                0x08006dbd   Thumb Code   162  usart.o(i.uart_init)
    uxListRemove                             0x08006e69   Thumb Code    40  list.o(i.uxListRemove)
    vListInitialise                          0x08006e91   Thumb Code    26  list.o(i.vListInitialise)
    vListInitialiseItem                      0x08006eab   Thumb Code     6  list.o(i.vListInitialiseItem)
    vListInsert                              0x08006eb1   Thumb Code    52  list.o(i.vListInsert)
    vListInsertEnd                           0x08006ee5   Thumb Code    24  list.o(i.vListInsertEnd)
    vPortEnterCritical                       0x08006efd   Thumb Code    68  port.o(i.vPortEnterCritical)
    vPortExitCritical                        0x08006f85   Thumb Code    48  port.o(i.vPortExitCritical)
    vPortFree                                0x08006ff5   Thumb Code   120  heap_4.o(i.vPortFree)
    vPortSetupTimerInterrupt                 0x080070ad   Thumb Code    26  port.o(i.vPortSetupTimerInterrupt)
    vPortValidateInterruptPriority           0x080070cd   Thumb Code    86  port.o(i.vPortValidateInterruptPriority)
    vQueueAddToRegistry                      0x0800716d   Thumb Code    38  queue.o(i.vQueueAddToRegistry)
    vQueueWaitForMessageRestricted           0x08007199   Thumb Code    74  queue.o(i.vQueueWaitForMessageRestricted)
    vTaskDelay                               0x080071e5   Thumb Code    72  tasks.o(i.vTaskDelay)
    vTaskDelete                              0x08007259   Thumb Code   192  tasks.o(i.vTaskDelete)
    vTaskMissedYield                         0x08007365   Thumb Code     8  tasks.o(i.vTaskMissedYield)
    vTaskPlaceOnEventList                    0x08007371   Thumb Code    42  tasks.o(i.vTaskPlaceOnEventList)
    vTaskPlaceOnEventListRestricted          0x080073c5   Thumb Code    50  tasks.o(i.vTaskPlaceOnEventListRestricted)
    vTaskPriorityInherit                     0x08007421   Thumb Code   164  tasks.o(i.vTaskPriorityInherit)
    vTaskSetTimeOutState                     0x080074d1   Thumb Code    32  tasks.o(i.vTaskSetTimeOutState)
    vTaskStartScheduler                      0x0800751d   Thumb Code   108  tasks.o(i.vTaskStartScheduler)
    vTaskSuspendAll                          0x080075c9   Thumb Code    12  tasks.o(i.vTaskSuspendAll)
    vTaskSwitchContext                       0x080075d9   Thumb Code   110  tasks.o(i.vTaskSwitchContext)
    xPortStartScheduler                      0x08007681   Thumb Code   258  port.o(i.xPortStartScheduler)
    xPortSysTickHandler                      0x080077dd   Thumb Code    46  port.o(i.xPortSysTickHandler)
    xQueueGenericCreate                      0x08007811   Thumb Code    78  queue.o(i.xQueueGenericCreate)
    xQueueGenericReceive                     0x08007885   Thumb Code   416  queue.o(i.xQueueGenericReceive)
    xQueueGenericReset                       0x08007a4d   Thumb Code   136  queue.o(i.xQueueGenericReset)
    xQueueGenericSend                        0x08007afd   Thumb Code   412  queue.o(i.xQueueGenericSend)
    xQueueGenericSendFromISR                 0x08007cc1   Thumb Code   234  queue.o(i.xQueueGenericSendFromISR)
    xTaskCheckForTimeOut                     0x08007dd1   Thumb Code   116  tasks.o(i.xTaskCheckForTimeOut)
    xTaskCreate                              0x08007e71   Thumb Code    96  tasks.o(i.xTaskCreate)
    xTaskGetSchedulerState                   0x08007ed1   Thumb Code    24  tasks.o(i.xTaskGetSchedulerState)
    xTaskGetTickCount                        0x08007ef1   Thumb Code     6  tasks.o(i.xTaskGetTickCount)
    xTaskIncrementTick                       0x08007efd   Thumb Code   272  tasks.o(i.xTaskIncrementTick)
    xTaskPriorityDisinherit                  0x0800805d   Thumb Code   168  tasks.o(i.xTaskPriorityDisinherit)
    xTaskRemoveFromEventList                 0x08008135   Thumb Code   118  tasks.o(i.xTaskRemoveFromEventList)
    xTaskResumeAll                           0x080081e9   Thumb Code   214  tasks.o(i.xTaskResumeAll)
    xTimerCreateTimerTask                    0x08008309   Thumb Code    56  timers.o(i.xTimerCreateTimerTask)
    xTimerGenericCommand                     0x0800837d   Thumb Code   118  timers.o(i.xTimerGenericCommand)
    asPDOAssignEntryDesc                     0x08008420   Data          12  coeappl.o(.constdata)
    asEntryDesc0x0800                        0x0800842c   Data          18  coeappl.o(.constdata)
    asEntryDesc0x1601                        0x0800843e   Data          60  coeappl.o(.constdata)
    aName0x1601                              0x0800847a   Data          15  coeappl.o(.constdata)
    asEntryDesc0x1802                        0x0800848a   Data          60  coeappl.o(.constdata)
    aName0x1802                              0x080084c6   Data          63  coeappl.o(.constdata)
    asEntryDesc0x1A00                        0x08008506   Data          60  coeappl.o(.constdata)
    aName0x1A00                              0x08008542   Data          15  coeappl.o(.constdata)
    asEntryDesc0x1A02                        0x08008552   Data         108  coeappl.o(.constdata)
    aName0x1A02                              0x080085be   Data          30  coeappl.o(.constdata)
    aName0x1C12                              0x080085dc   Data          13  coeappl.o(.constdata)
    aName0x1C13                              0x080085e9   Data          13  coeappl.o(.constdata)
    asEntryDesc0x6000                        0x080085f6   Data          60  coeappl.o(.constdata)
    aName0x6000                              0x08008632   Data          85  coeappl.o(.constdata)
    asEntryDesc0x6020                        0x08008688   Data         108  coeappl.o(.constdata)
    aName0x6020                              0x080086f4   Data          27  coeappl.o(.constdata)
    asEntryDesc0x7010                        0x08008710   Data          60  coeappl.o(.constdata)
    aName0x7010                              0x0800874c   Data          62  coeappl.o(.constdata)
    asEntryDesc0x8020                        0x0800878a   Data         126  coeappl.o(.constdata)
    aName0x8020                              0x08008808   Data         115  coeappl.o(.constdata)
    asEntryDesc0xF000                        0x0800887c   Data          18  coeappl.o(.constdata)
    aName0xF000                              0x0800888e   Data          73  coeappl.o(.constdata)
    asEntryDesc0xF010                        0x080088d8   Data          24  coeappl.o(.constdata)
    aName0xF010                              0x080088f0   Data          20  coeappl.o(.constdata)
    sEntryDesc0x1000                         0x08008904   Data           6  coeappl.o(.constdata)
    aName0x1000                              0x0800890a   Data          12  coeappl.o(.constdata)
    sEntryDesc0x1001                         0x08008916   Data           6  coeappl.o(.constdata)
    aName0x1001                              0x0800891c   Data          15  coeappl.o(.constdata)
    sEntryDesc0x1008                         0x0800892c   Data           6  coeappl.o(.constdata)
    aName0x1008                              0x08008932   Data          12  coeappl.o(.constdata)
    sEntryDesc0x1009                         0x0800893e   Data           6  coeappl.o(.constdata)
    aName0x1009                              0x08008944   Data          17  coeappl.o(.constdata)
    sEntryDesc0x100A                         0x08008956   Data           6  coeappl.o(.constdata)
    aName0x100A                              0x0800895c   Data          17  coeappl.o(.constdata)
    asEntryDesc0x1018                        0x0800896e   Data          30  coeappl.o(.constdata)
    aName0x1018                              0x0800898c   Data          57  coeappl.o(.constdata)
    asEntryDesc0x10F1                        0x080089c6   Data          18  coeappl.o(.constdata)
    aName0x10F1                              0x080089d8   Data          63  coeappl.o(.constdata)
    asEntryDesc0x1C00                        0x08008a18   Data          12  coeappl.o(.constdata)
    aName0x1C00                              0x08008a24   Data          18  coeappl.o(.constdata)
    asEntryDesc0x1C3x                        0x08008a36   Data         198  coeappl.o(.constdata)
    aName0x1C32                              0x08008afc   Data         256  coeappl.o(.constdata)
    aName0x1C33                              0x08008bfc   Data         255  coeappl.o(.constdata)
    cBitMask                                 0x08008cfc   Data          32  objdef.o(.constdata)
    cAbortCode                               0x08008d1c   Data         120  sdoserv.o(.constdata)
    Region$$Table$$Base                      0x08008d94   Number         0  anon$$obj.o(Region$$Table)
    Region$$Table$$Limit                     0x08008db4   Number         0  anon$$obj.o(Region$$Table)
    SystemCoreClock                          0x20000000   Data           4  system_stm32f4xx.o(.data)
    AHBPrescTable                            0x20000004   Data          16  system_stm32f4xx.o(.data)
    StartTask_Handler                        0x20000014   Data           4  main.o(.data)
    LED0Task_Handler                         0x20000018   Data           4  main.o(.data)
    LED1Task_Handler                         0x2000001c   Data           4  main.o(.data)
    FLOATTask_Handler                        0x20000020   Data           4  main.o(.data)
    sDORxPDOMap                              0x20000024   Data          40  el9800appl.o(.data)
    TxPDO1802Subindex0                       0x2000004c   Data           2  el9800appl.o(.data)
    sDITxPDOMap                              0x20000050   Data          40  el9800appl.o(.data)
    sAITxPDOMap                              0x20000078   Data          72  el9800appl.o(.data)
    sRxPDOassign                             0x200000c0   Data           4  el9800appl.o(.data)
    sTxPDOassign                             0x200000c4   Data           6  el9800appl.o(.data)
    sDIInputs                                0x200000ca   Data           4  el9800appl.o(.data)
    sAIInputs                                0x200000d0   Data          68  el9800appl.o(.data)
    sDOOutputs                               0x20000114   Data           4  el9800appl.o(.data)
    sAISettings                              0x20000118   Data          16  el9800appl.o(.data)
    sModulardeviceprofile                    0x20000128   Data           6  el9800appl.o(.data)
    sModulelist                              0x20000130   Data          16  el9800appl.o(.data)
    EscALEvent                               0x20000140   Data           2  el9800hw.o(.data)
    readerr                                  0x20000142   Data           2  el9800hw.o(.data)
    sEnum0800_Value00                        0x20000144   Data          24  coeappl.o(.data)
    sEnum0800_Value01                        0x2000015c   Data          26  coeappl.o(.data)
    apEnum0800                               0x20000178   Data           8  coeappl.o(.data)
    ApplicationObjDic                        0x20000180   Data         560  coeappl.o(.data)
    u32Devicetype                            0x200003b0   Data           4  coeappl.o(.data)
    u16ErrorRegister                         0x200003b4   Data           2  coeappl.o(.data)
    acDevicename                             0x200003b6   Data          11  coeappl.o(.data)
    acHardwareversion                        0x200003c1   Data           5  coeappl.o(.data)
    acSoftwareversion                        0x200003c6   Data           5  coeappl.o(.data)
    sIdentity                                0x200003cc   Data          20  coeappl.o(.data)
    sSyncmanagertype                         0x200003e0   Data           6  coeappl.o(.data)
    ObjDicList                               0x200003e8   Data           4  coeappl.o(.data)
    GenObjDic                                0x200003ec   Data         440  coeappl.o(.data)
    bEcatWaitForInputUpdate                  0x200005a4   Data           1  ecatappl.o(.data)
    bEtherCATRunLed                          0x200005a5   Data           1  ecatappl.o(.data)
    bEtherCATErrorLed                        0x200005a6   Data           1  ecatappl.o(.data)
    bRunApplication                          0x200005a7   Data           1  ecatappl.o(.data)
    pAPPL_EEPROM_Read                        0x200005a8   Data           4  ecatappl.o(.data)
    pAPPL_EEPROM_Write                       0x200005ac   Data           4  ecatappl.o(.data)
    pAPPL_EEPROM_Reload                      0x200005b0   Data           4  ecatappl.o(.data)
    u16BusCycleCntMs                         0x200005b4   Data           2  ecatappl.o(.data)
    StartTimerCnt                            0x200005b8   Data           4  ecatappl.o(.data)
    bCycleTimeMeasurementStarted             0x200005bc   Data           1  ecatappl.o(.data)
    bInitFinished                            0x200005bd   Data           1  ecatappl.o(.data)
    uhADCxConvertedValue                     0x200005be   Data           4  adc1.o(.data)
    __stdout                                 0x200005c8   Data           4  usart.o(.data)
    USART_RX_STA                             0x200005cc   Data           2  usart.o(.data)
    pxCurrentTCB                             0x200005e0   Data           4  tasks.o(.data)
    pCoeSendStored                           0x20000654   Data           4  ecatcoe.o(.data)
    bReceiveMbxIsLocked                      0x20000658   Data           1  mailbox.o(.data)
    bSendMbxIsFull                           0x20000659   Data           1  mailbox.o(.data)
    bMbxRunning                              0x2000065a   Data           1  mailbox.o(.data)
    bMbxRepeatToggle                         0x2000065b   Data           1  mailbox.o(.data)
    u16SendMbxSize                           0x2000065c   Data           2  mailbox.o(.data)
    u16ReceiveMbxSize                        0x2000065e   Data           2  mailbox.o(.data)
    u16EscAddrReceiveMbx                     0x20000660   Data           2  mailbox.o(.data)
    u16EscAddrSendMbx                        0x20000662   Data           2  mailbox.o(.data)
    u8MbxWriteCounter                        0x20000664   Data           1  mailbox.o(.data)
    u8MbxReadCounter                         0x20000665   Data           1  mailbox.o(.data)
    u8MailboxSendReqStored                   0x20000666   Data           1  mailbox.o(.data)
    psWriteMbx                               0x20000668   Data           4  mailbox.o(.data)
    psReadMbx                                0x2000066c   Data           4  mailbox.o(.data)
    psRepeatMbx                              0x20000670   Data           4  mailbox.o(.data)
    psStoreMbx                               0x20000674   Data           4  mailbox.o(.data)
    bNoMbxMemoryAvailable                    0x20000678   Data           1  mailbox.o(.data)
    bSyncSetByUser                           0x2000067c   Data           1  objdef.o(.data)
    sCycleDiag                               0x2000067e   Data           2  objdef.o(.data)
    sErrorSettings                           0x20000680   Data          12  objdef.o(.data)
    aSubindexDesc                            0x2000068c   Data          13  objdef.o(.data)
    u8PendingSdo                             0x2000069c   Data           1  sdoserv.o(.data)
    bStoreCompleteAccess                     0x2000069d   Data           1  sdoserv.o(.data)
    u8StoreSubindex                          0x2000069e   Data           1  sdoserv.o(.data)
    u16StoreIndex                            0x200006a0   Data           2  sdoserv.o(.data)
    u32StoreDataSize                         0x200006a4   Data           4  sdoserv.o(.data)
    pStoreData                               0x200006a8   Data           4  sdoserv.o(.data)
    pSdoPendFunc                             0x200006ac   Data           4  sdoserv.o(.data)
    pSdoSegData                              0x200006b0   Data           4  sdoserv.o(.data)
    nSdoInfoFragmentsLeft                    0x200006b4   Data           2  sdoserv.o(.data)
    nSdoInfoIndex                            0x200006b6   Data           2  sdoserv.o(.data)
    pSdoInfoObjEntry                         0x200006b8   Data           4  sdoserv.o(.data)
    pSdoResStored                            0x200006bc   Data           4  sdoserv.o(.data)
    bSdoInWork                               0x200006c0   Data           1  sdoserv.o(.data)
    nSdoSegService                           0x200006c1   Data           1  sdoserv.o(.data)
    bSdoSegFollows                           0x200006c2   Data           1  sdoserv.o(.data)
    bSdoSegAccess                            0x200006c3   Data           1  sdoserv.o(.data)
    nSdoSegIndex                             0x200006c4   Data           2  sdoserv.o(.data)
    nSdoSegSubindex                          0x200006c6   Data           1  sdoserv.o(.data)
    nSdoSegBytesToHandle                     0x200006c8   Data           4  sdoserv.o(.data)
    bSdoSegLastToggle                        0x200006cc   Data           1  sdoserv.o(.data)
    nSdoSegCompleteSize                      0x200006d0   Data           4  sdoserv.o(.data)
    pSdoSegObjEntry                          0x200006d4   Data           4  sdoserv.o(.data)
    bEcatOutputUpdateRunning                 0x200006d8   Data           1  ecatslv.o(.data)
    bEcatInputUpdateRunning                  0x200006d9   Data           1  ecatslv.o(.data)
    bEcatFirstOutputsReceived                0x200006da   Data           1  ecatslv.o(.data)
    bWdTrigger                               0x200006db   Data           1  ecatslv.o(.data)
    bDcSyncActive                            0x200006dc   Data           1  ecatslv.o(.data)
    EsmTimeoutCounter                        0x200006de   Data           2  ecatslv.o(.data)
    bDcRunning                               0x200006e0   Data           1  ecatslv.o(.data)
    u16SmSync0Counter                        0x200006e2   Data           2  ecatslv.o(.data)
    u16SmSync0Value                          0x200006e4   Data           2  ecatslv.o(.data)
    bSmSyncSequenceValid                     0x200006e6   Data           1  ecatslv.o(.data)
    i16WaitForPllRunningTimeout              0x200006e8   Data           2  ecatslv.o(.data)
    i16WaitForPllRunningCnt                  0x200006ea   Data           2  ecatslv.o(.data)
    Sync0WdCounter                           0x200006ec   Data           2  ecatslv.o(.data)
    Sync0WdValue                             0x200006ee   Data           2  ecatslv.o(.data)
    Sync1WdCounter                           0x200006f0   Data           2  ecatslv.o(.data)
    Sync1WdValue                             0x200006f2   Data           2  ecatslv.o(.data)
    LatchInputSync0Value                     0x200006f4   Data           2  ecatslv.o(.data)
    LatchInputSync0Counter                   0x200006f6   Data           2  ecatslv.o(.data)
    bEscIntEnabled                           0x200006f8   Data           1  ecatslv.o(.data)
    b3BufferMode                             0x200006f9   Data           1  ecatslv.o(.data)
    bLocalErrorFlag                          0x200006fa   Data           1  ecatslv.o(.data)
    u16LocalErrorCode                        0x200006fc   Data           2  ecatslv.o(.data)
    bApplEsmPending                          0x200006fe   Data           1  ecatslv.o(.data)
    bEcatWaitForAlControlRes                 0x200006ff   Data           1  ecatslv.o(.data)
    nEcatStateTrans                          0x20000700   Data           2  ecatslv.o(.data)
    nPdInputSize                             0x20000702   Data           2  ecatslv.o(.data)
    nPdOutputSize                            0x20000704   Data           2  ecatslv.o(.data)
    nMaxSyncMan                              0x20000706   Data           1  ecatslv.o(.data)
    nMaxEscAddress                           0x20000708   Data           2  ecatslv.o(.data)
    nAlStatus                                0x2000070a   Data           1  ecatslv.o(.data)
    EcatWdValue                              0x2000070c   Data           2  ecatslv.o(.data)
    nEscAddrOutputData                       0x2000070e   Data           2  ecatslv.o(.data)
    nEscAddrInputData                        0x20000710   Data           2  ecatslv.o(.data)
    u16ALEventMask                           0x20000712   Data           2  ecatslv.o(.data)
    u16dummy                                 0x20000714   Data           2  ecatslv.o(.data)
    SMActivate                               0x20000716   Data           2  ecatslv.o(.data)
    SyncManInfo                              0x20000718   Data           8  ecatslv.o(.data)
    EepromLoaded                             0x20000720   Data           1  ecatslv.o(.data)
    __microlib_freelist                      0x20000724   Data           4  mvars.o(.data)
    __microlib_freelist_initialised          0x20000728   Data           4  mvars.o(.data)
    readdata                                 0x2000072c   Data          44  el9800hw.o(.bss)
    aPdOutputData                            0x20000758   Data          68  ecatappl.o(.bss)
    aPdInputData                             0x2000079c   Data          68  ecatappl.o(.bss)
    USART_RX_BUF                             0x200007e0   Data         200  usart.o(.bss)
    xQueueRegistry                           0x200008a8   Data          64  queue.o(.bss)
    asMbx                                    0x20005bf4   Data         512  mailbox.o(.bss)
    sMbxSendQueue                            0x20005df4   Data          52  mailbox.o(.bss)
    sMbxReceiveQueue                         0x20005e28   Data          52  mailbox.o(.bss)
    sSyncManOutPar                           0x20005e5c   Data          68  objdef.o(.bss)
    sSyncManInPar                            0x20005ea0   Data          68  objdef.o(.bss)
    aSdoInfoHeader                           0x20005ee4   Data          14  sdoserv.o(.bss)
    __heap_base                              0x20005ef8   Data           0  startup_stm32f40_41xxx.o(HEAP)
    __heap_limit                             0x200060f8   Data           0  startup_stm32f40_41xxx.o(HEAP)
    __initial_sp                             0x200064f8   Data           0  startup_stm32f40_41xxx.o(STACK)



==============================================================================

Memory Map of the image

  Image Entry point : 0x08000189

  Load Region LR_IROM1 (Base: 0x08000000, Size: 0x000094e0, Max: 0x00080000, ABSOLUTE, COMPRESSED[0x00009054])

    Execution Region ER_IROM1 (Exec base: 0x08000000, Load base: 0x08000000, Size: 0x00008db4, Max: 0x00080000, ABSOLUTE)

    Exec Addr    Load Addr    Size         Type   Attr      Idx    E Section Name        Object

    0x08000000   0x08000000   0x00000188   Data   RO         1079    RESET               startup_stm32f40_41xxx.o
    0x08000188   0x08000188   0x00000000   Code   RO         7336  * .ARM.Collect$$$$00000000  mc_w.l(entry.o)
    0x08000188   0x08000188   0x00000004   Code   RO         7638    .ARM.Collect$$$$00000001  mc_w.l(entry2.o)
    0x0800018c   0x0800018c   0x00000004   Code   RO         7641    .ARM.Collect$$$$00000004  mc_w.l(entry5.o)
    0x08000190   0x08000190   0x00000000   Code   RO         7643    .ARM.Collect$$$$00000008  mc_w.l(entry7b.o)
    0x08000190   0x08000190   0x00000000   Code   RO         7645    .ARM.Collect$$$$0000000A  mc_w.l(entry8b.o)
    0x08000190   0x08000190   0x00000008   Code   RO         7646    .ARM.Collect$$$$0000000B  mc_w.l(entry9a.o)
    0x08000198   0x08000198   0x00000000   Code   RO         7648    .ARM.Collect$$$$0000000D  mc_w.l(entry10a.o)
    0x08000198   0x08000198   0x00000000   Code   RO         7650    .ARM.Collect$$$$0000000F  mc_w.l(entry11a.o)
    0x08000198   0x08000198   0x00000004   Code   RO         7639    .ARM.Collect$$$$00002712  mc_w.l(entry2.o)
    0x0800019c   0x0800019c   0x000000b6   Code   RO         6682    .emb_text           port.o
    0x08000252   0x08000252   0x00000002   PAD
    0x08000254   0x08000254   0x00000024   Code   RO         1080    .text               startup_stm32f40_41xxx.o
    0x08000278   0x08000278   0x00000024   Code   RO         7339    .text               mc_w.l(memcpya.o)
    0x0800029c   0x0800029c   0x00000024   Code   RO         7341    .text               mc_w.l(memseta.o)
    0x080002c0   0x080002c0   0x0000000e   Code   RO         7343    .text               mc_w.l(strlen.o)
    0x080002ce   0x080002ce   0x0000002c   Code   RO         7652    .text               mc_w.l(uidiv.o)
    0x080002fa   0x080002fa   0x00000002   PAD
    0x080002fc   0x080002fc   0x00000024   Code   RO         7669    .text               mc_w.l(init.o)
    0x08000320   0x08000320   0x00000056   Code   RO         7687    .text               mc_w.l(__dczerorl2.o)
    0x08000376   0x08000376   0x00000016   Code   RO         1812    i.ADC_Cmd           stm32f4xx_adc.o
    0x0800038c   0x0800038c   0x00000030   Code   RO         1813    i.ADC_CommonInit    stm32f4xx_adc.o
    0x080003bc   0x080003bc   0x00000110   Code   RO          803    i.ADC_Configuration  adc1.o
    0x080004cc   0x080004cc   0x00000016   Code   RO         1816    i.ADC_DMACmd        stm32f4xx_adc.o
    0x080004e2   0x080004e2   0x00000016   Code   RO         1817    i.ADC_DMARequestAfterLastTransferCmd  stm32f4xx_adc.o
    0x080004f8   0x080004f8   0x00000054   Code   RO         1832    i.ADC_Init          stm32f4xx_adc.o
    0x0800054c   0x0800054c   0x000000b8   Code   RO         1837    i.ADC_RegularChannelConfig  stm32f4xx_adc.o
    0x08000604   0x08000604   0x0000000a   Code   RO         1839    i.ADC_SoftwareStartConv  stm32f4xx_adc.o
    0x0800060e   0x0800060e   0x00000002   PAD
    0x08000610   0x08000610   0x00000458   Code   RO         7172    i.AL_ControlInd     ecatslv.o
    0x08000a68   0x08000a68   0x00000218   Code   RO         7173    i.AL_ControlRes     ecatslv.o
    0x08000c80   0x08000c80   0x00000002   Code   RO          367    i.APPL_AckErrorInd  el9800appl.o
    0x08000c82   0x08000c82   0x00000002   PAD
    0x08000c84   0x08000c84   0x000000cc   Code   RO          368    i.APPL_Application  el9800appl.o
    0x08000d50   0x08000d50   0x000000f4   Code   RO          369    i.APPL_GenerateMapping  el9800appl.o
    0x08000e44   0x08000e44   0x00000170   Code   RO          370    i.APPL_InputMapping  el9800appl.o
    0x08000fb4   0x08000fb4   0x00000040   Code   RO          371    i.APPL_OutputMapping  el9800appl.o
    0x08000ff4   0x08000ff4   0x00000006   Code   RO          372    i.APPL_StartInputHandler  el9800appl.o
    0x08000ffa   0x08000ffa   0x00000004   Code   RO          373    i.APPL_StartMailboxHandler  el9800appl.o
    0x08000ffe   0x08000ffe   0x00000004   Code   RO          374    i.APPL_StartOutputHandler  el9800appl.o
    0x08001002   0x08001002   0x00000004   Code   RO          375    i.APPL_StopInputHandler  el9800appl.o
    0x08001006   0x08001006   0x00000004   Code   RO          376    i.APPL_StopMailboxHandler  el9800appl.o
    0x0800100a   0x0800100a   0x00000002   PAD
    0x0800100c   0x0800100c   0x0000005c   Code   RO          377    i.APPL_StopOutputHandler  el9800appl.o
    0x08001068   0x08001068   0x00000028   Code   RO          620    i.AddObjectsToObjDictionary  coeappl.o
    0x08001090   0x08001090   0x00000034   Code   RO          479    i.AddressingEsc     el9800hw.o
    0x080010c4   0x080010c4   0x0000000c   Code   RO         7174    i.BackToInitTransition  ecatslv.o
    0x080010d0   0x080010d0   0x00000004   Code   RO          310    i.BusFault_Handler  stm32f4xx_it.o
    0x080010d4   0x080010d4   0x00000090   Code   RO          621    i.COE_AddObjectToDic  coeappl.o
    0x08001164   0x08001164   0x00000024   Code   RO          622    i.COE_ClearObjDictionary  coeappl.o
    0x08001188   0x08001188   0x00000048   Code   RO         6840    i.COE_ContinueInd   ecatcoe.o
    0x080011d0   0x080011d0   0x0000000c   Code   RO          623    i.COE_GetObjectDictionary  coeappl.o
    0x080011dc   0x080011dc   0x00000014   Code   RO         6841    i.COE_Init          ecatcoe.o
    0x080011f0   0x080011f0   0x000000bc   Code   RO          624    i.COE_Main          coeappl.o
    0x080012ac   0x080012ac   0x00000030   Code   RO          625    i.COE_ObjDictionaryInit  coeappl.o
    0x080012dc   0x080012dc   0x000000b4   Code   RO          626    i.COE_ObjInit       coeappl.o
    0x08001390   0x08001390   0x00000044   Code   RO          627    i.COE_RemoveDicEntry  coeappl.o
    0x080013d4   0x080013d4   0x00000048   Code   RO         6842    i.COE_ServiceInd    ecatcoe.o
    0x0800141c   0x0800141c   0x00000094   Code   RO         7175    i.CheckIfEcatError  ecatslv.o
    0x080014b0   0x080014b0   0x000002e8   Code   RO         7176    i.CheckSmSettings   ecatslv.o
    0x08001798   0x08001798   0x00000104   Code   RO         7016    i.CheckSyncTypeValue  objdef.o
    0x0800189c   0x0800189c   0x000000fc   Code   RO         7177    i.DC_CheckWatchdog  ecatslv.o
    0x08001998   0x08001998   0x00000016   Code   RO         2751    i.DMA_Cmd           stm32f4xx_dma.o
    0x080019ae   0x080019ae   0x00000002   PAD
    0x080019b0   0x080019b0   0x00000058   Code   RO         2763    i.DMA_Init          stm32f4xx_dma.o
    0x08001a08   0x08001a08   0x00000002   Code   RO          311    i.DebugMon_Handler  stm32f4xx_it.o
    0x08001a0a   0x08001a0a   0x00000034   Code   RO         7178    i.DisableSyncManChannel  ecatslv.o
    0x08001a3e   0x08001a3e   0x00000008   Code   RO          697    i.ECAT_Application  ecatappl.o
    0x08001a46   0x08001a46   0x00000002   PAD
    0x08001a48   0x08001a48   0x00000044   Code   RO          698    i.ECAT_CheckTimer   ecatappl.o
    0x08001a8c   0x08001a8c   0x0000011c   Code   RO         7179    i.ECAT_Init         ecatslv.o
    0x08001ba8   0x08001ba8   0x0000015c   Code   RO         7180    i.ECAT_Main         ecatslv.o
    0x08001d04   0x08001d04   0x00000078   Code   RO          882    i.EXTI12_Configuration  exit.o
    0x08001d7c   0x08001d7c   0x00000020   Code   RO          480    i.EXTI15_10_IRQHandler  el9800hw.o
    0x08001d9c   0x08001d9c   0x00000070   Code   RO          883    i.EXTI2_Configuration  exit.o
    0x08001e0c   0x08001e0c   0x0000000e   Code   RO          481    i.EXTI2_IRQHandler  el9800hw.o
    0x08001e1a   0x08001e1a   0x00000010   Code   RO          482    i.EXTI9_5_IRQHandler  el9800hw.o
    0x08001e2a   0x08001e2a   0x00000002   PAD
    0x08001e2c   0x08001e2c   0x00000078   Code   RO          884    i.EXTI9_Configuration  exit.o
    0x08001ea4   0x08001ea4   0x0000000c   Code   RO         3009    i.EXTI_ClearITPendingBit  stm32f4xx_exti.o
    0x08001eb0   0x08001eb0   0x00000094   Code   RO         3014    i.EXTI_Init         stm32f4xx_exti.o
    0x08001f44   0x08001f44   0x00000032   Code   RO         7182    i.EnableSyncManChannel  ecatslv.o
    0x08001f76   0x08001f76   0x00000090   Code   RO         1131    i.GPIO_Init         stm32f4xx_gpio.o
    0x08002006   0x08002006   0x00000046   Code   RO         1132    i.GPIO_PinAFConfig  stm32f4xx_gpio.o
    0x0800204c   0x0800204c   0x00000004   Code   RO         1138    i.GPIO_ResetBits    stm32f4xx_gpio.o
    0x08002050   0x08002050   0x00000004   Code   RO         1139    i.GPIO_SetBits      stm32f4xx_gpio.o
    0x08002054   0x08002054   0x00000012   Code   RO         1140    i.GPIO_StructInit   stm32f4xx_gpio.o
    0x08002066   0x08002066   0x00000008   Code   RO         1141    i.GPIO_ToggleBits   stm32f4xx_gpio.o
    0x0800206e   0x0800206e   0x00000002   PAD
    0x08002070   0x08002070   0x00000030   Code   RO          484    i.GetInterruptRegister  el9800hw.o
    0x080020a0   0x080020a0   0x0000002e   Code   RO         6912    i.GetOutOfMbxQueue  mailbox.o
    0x080020ce   0x080020ce   0x00000002   PAD
    0x080020d0   0x080020d0   0x0000001c   Code   RO         7183    i.GetSyncMan        ecatslv.o
    0x080020ec   0x080020ec   0x0000004c   Code   RO          485    i.HW_EscRead        el9800hw.o
    0x08002138   0x08002138   0x00000050   Code   RO          486    i.HW_EscReadIsr     el9800hw.o
    0x08002188   0x08002188   0x0000004c   Code   RO          487    i.HW_EscWrite       el9800hw.o
    0x080021d4   0x080021d4   0x00000044   Code   RO          488    i.HW_EscWriteIsr    el9800hw.o
    0x08002218   0x08002218   0x00000010   Code   RO          489    i.HW_GetALEventRegister  el9800hw.o
    0x08002228   0x08002228   0x00000010   Code   RO          490    i.HW_GetALEventRegister_Isr  el9800hw.o
    0x08002238   0x08002238   0x00000070   Code   RO          491    i.HW_Init           el9800hw.o
    0x080022a8   0x080022a8   0x000000ac   Code   RO          699    i.HandleBusCycleCalculation  ecatappl.o
    0x08002354   0x08002354   0x00000004   Code   RO          312    i.HardFault_Handler  stm32f4xx_it.o
    0x08002358   0x08002358   0x00000034   Code   RO          493    i.ISR_AddressingEsc  el9800hw.o
    0x0800238c   0x0800238c   0x00000038   Code   RO          494    i.ISR_GetInterruptRegister  el9800hw.o
    0x080023c4   0x080023c4   0x00000040   Code   RO          914    i.LED_Init          led.o
    0x08002404   0x08002404   0x0000011c   Code   RO         6913    i.MBX_CheckAndCopyMailbox  mailbox.o
    0x08002520   0x08002520   0x000000e0   Code   RO         6914    i.MBX_CopyToSendMailbox  mailbox.o
    0x08002600   0x08002600   0x000000cc   Code   RO         6915    i.MBX_Init          mailbox.o
    0x080026cc   0x080026cc   0x000000a8   Code   RO         6916    i.MBX_MailboxReadInd  mailbox.o
    0x08002774   0x08002774   0x00000068   Code   RO         6917    i.MBX_MailboxRepeatReq  mailbox.o
    0x080027dc   0x080027dc   0x00000094   Code   RO         6918    i.MBX_MailboxSendReq  mailbox.o
    0x08002870   0x08002870   0x0000007c   Code   RO         6919    i.MBX_MailboxWriteInd  mailbox.o
    0x080028ec   0x080028ec   0x00000050   Code   RO         6920    i.MBX_Main          mailbox.o
    0x0800293c   0x0800293c   0x000000c0   Code   RO         6921    i.MBX_StartMailboxHandler  mailbox.o
    0x080029fc   0x080029fc   0x00000110   Code   RO         6922    i.MBX_StopMailboxHandler  mailbox.o
    0x08002b0c   0x08002b0c   0x00000022   Code   RO         6923    i.MailboxServiceInd  mailbox.o
    0x08002b2e   0x08002b2e   0x00000002   PAD
    0x08002b30   0x08002b30   0x00000034   Code   RO          700    i.MainInit          ecatappl.o
    0x08002b64   0x08002b64   0x00000020   Code   RO          701    i.MainLoop          ecatappl.o
    0x08002b84   0x08002b84   0x00000004   Code   RO          313    i.MemManage_Handler  stm32f4xx_it.o
    0x08002b88   0x08002b88   0x00000002   Code   RO          314    i.NMI_Handler       stm32f4xx_it.o
    0x08002b8a   0x08002b8a   0x00000002   PAD
    0x08002b8c   0x08002b8c   0x00000018   Code   RO         7184    i.NVIC_DisableIRQ   ecatslv.o
    0x08002ba4   0x08002ba4   0x00000016   Code   RO          495    i.NVIC_EnableIRQ    el9800hw.o
    0x08002bba   0x08002bba   0x00000016   Code   RO         7185    i.NVIC_EnableIRQ    ecatslv.o
    0x08002bd0   0x08002bd0   0x00000078   Code   RO         1086    i.NVIC_Init         misc.o
    0x08002c48   0x08002c48   0x00000014   Code   RO         1087    i.NVIC_PriorityGroupConfig  misc.o
    0x08002c5c   0x08002c5c   0x0000003c   Code   RO         7017    i.OBJ_CopyNumberToString  objdef.o
    0x08002c98   0x08002c98   0x000000cc   Code   RO         7018    i.OBJ_GetDesc       objdef.o
    0x08002d64   0x08002d64   0x00000026   Code   RO         7019    i.OBJ_GetEntryDesc  objdef.o
    0x08002d8a   0x08002d8a   0x00000106   Code   RO         7020    i.OBJ_GetEntryOffset  objdef.o
    0x08002e90   0x08002e90   0x00000064   Code   RO         7021    i.OBJ_GetNoOfObjects  objdef.o
    0x08002ef4   0x08002ef4   0x00000008   Code   RO         7022    i.OBJ_GetObjDesc    objdef.o
    0x08002efc   0x08002efc   0x00000020   Code   RO         7023    i.OBJ_GetObjectHandle  objdef.o
    0x08002f1c   0x08002f1c   0x00000096   Code   RO         7024    i.OBJ_GetObjectLength  objdef.o
    0x08002fb2   0x08002fb2   0x00000002   PAD
    0x08002fb4   0x08002fb4   0x000000bc   Code   RO         7025    i.OBJ_GetObjectList  objdef.o
    0x08003070   0x08003070   0x00000478   Code   RO         7026    i.OBJ_Read          objdef.o
    0x080034e8   0x080034e8   0x000004be   Code   RO         7027    i.OBJ_Write         objdef.o
    0x080039a6   0x080039a6   0x00000002   PAD
    0x080039a8   0x080039a8   0x00000120   Code   RO          702    i.PDI_Isr           ecatappl.o
    0x08003ac8   0x08003ac8   0x00000024   Code   RO          703    i.PDO_InputMapping  ecatappl.o
    0x08003aec   0x08003aec   0x00000024   Code   RO          704    i.PDO_OutputMapping  ecatappl.o
    0x08003b10   0x08003b10   0x0000002c   Code   RO         6924    i.PutInMbxQueue     mailbox.o
    0x08003b3c   0x08003b3c   0x00000020   Code   RO         1228    i.RCC_AHB1PeriphClockCmd  stm32f4xx_rcc.o
    0x08003b5c   0x08003b5c   0x00000020   Code   RO         1237    i.RCC_APB1PeriphClockCmd  stm32f4xx_rcc.o
    0x08003b7c   0x08003b7c   0x00000020   Code   RO         1239    i.RCC_APB1PeriphResetCmd  stm32f4xx_rcc.o
    0x08003b9c   0x08003b9c   0x00000020   Code   RO         1240    i.RCC_APB2PeriphClockCmd  stm32f4xx_rcc.o
    0x08003bbc   0x08003bbc   0x00000020   Code   RO         1242    i.RCC_APB2PeriphResetCmd  stm32f4xx_rcc.o
    0x08003bdc   0x08003bdc   0x000000e8   Code   RO         1249    i.RCC_GetClocksFreq  stm32f4xx_rcc.o
    0x08003cc4   0x08003cc4   0x00000054   Code   RO          378    i.ReadObject0x1802  el9800appl.o
    0x08003d18   0x08003d18   0x00000032   Code   RO         7186    i.ResetALEventMask  ecatslv.o
    0x08003d4a   0x08003d4a   0x00000002   PAD
    0x08003d4c   0x08003d4c   0x00000448   Code   RO         7111    i.SDOS_SdoInd       sdoserv.o
    0x08004194   0x08004194   0x000002e4   Code   RO         7112    i.SDOS_SdoInfoInd   sdoserv.o
    0x08004478   0x08004478   0x000000ec   Code   RO         7113    i.SDOS_SdoRes       sdoserv.o
    0x08004564   0x08004564   0x00000090   Code   RO          934    i.SPI1_GPIO_Init    spi1.o
    0x080045f4   0x080045f4   0x00000058   Code   RO          935    i.SPI1_Init         spi1.o
    0x0800464c   0x0800464c   0x00000018   Code   RO         4982    i.SPI_Cmd           stm32f4xx_spi.o
    0x08004664   0x08004664   0x000000b0   Code   RO         4989    i.SPI_I2S_DeInit    stm32f4xx_spi.o
    0x08004714   0x08004714   0x00000012   Code   RO         4990    i.SPI_I2S_GetFlagStatus  stm32f4xx_spi.o
    0x08004726   0x08004726   0x00000006   Code   RO         4993    i.SPI_I2S_ReceiveData  stm32f4xx_spi.o
    0x0800472c   0x0800472c   0x00000004   Code   RO         4994    i.SPI_I2S_SendData  stm32f4xx_spi.o
    0x08004730   0x08004730   0x0000003c   Code   RO         4995    i.SPI_Init          stm32f4xx_spi.o
    0x0800476c   0x0800476c   0x00000040   Code   RO         1565    i.SYSCFG_EXTILineConfig  stm32f4xx_syscfg.o
    0x080047ac   0x080047ac   0x000002a4   Code   RO         7114    i.SdoDownloadSegmentInd  sdoserv.o
    0x08004a50   0x08004a50   0x000000dc   Code   RO         7115    i.SdoRes            sdoserv.o
    0x08004b2c   0x08004b2c   0x000001a0   Code   RO         7116    i.SdoUploadSegmentInd  sdoserv.o
    0x08004ccc   0x08004ccc   0x00000032   Code   RO         7187    i.SetALEventMask    ecatslv.o
    0x08004cfe   0x08004cfe   0x00000002   PAD
    0x08004d00   0x08004d00   0x0000004c   Code   RO         7188    i.SetALStatus       ecatslv.o
    0x08004d4c   0x08004d4c   0x000000ec   Code   RO            3    i.SetSysClock       system_stm32f4xx.o
    0x08004e38   0x08004e38   0x00000610   Code   RO         7189    i.StartInputHandler  ecatslv.o
    0x08005448   0x08005448   0x00000038   Code   RO         7190    i.StartOutputHandler  ecatslv.o
    0x08005480   0x08005480   0x000000d0   Code   RO         7191    i.StopInputHandler  ecatslv.o
    0x08005550   0x08005550   0x00000014   Code   RO         7192    i.StopOutputHandler  ecatslv.o
    0x08005564   0x08005564   0x00000140   Code   RO          705    i.Sync0_Isr         ecatappl.o
    0x080056a4   0x080056a4   0x0000003c   Code   RO          706    i.Sync1_Isr         ecatappl.o
    0x080056e0   0x080056e0   0x00000028   Code   RO         1090    i.SysTick_CLKSourceConfig  misc.o
    0x08005708   0x08005708   0x00000010   Code   RO          826    i.SysTick_Handler   delay.o
    0x08005718   0x08005718   0x00000068   Code   RO            5    i.SystemInit        system_stm32f4xx.o
    0x08005780   0x08005780   0x0000002c   Code   RO          496    i.TIM2_IRQHandler   el9800hw.o
    0x080057ac   0x080057ac   0x00000006   Code   RO         5150    i.TIM_ClearFlag     stm32f4xx_tim.o
    0x080057b2   0x080057b2   0x00000006   Code   RO         5151    i.TIM_ClearITPendingBit  stm32f4xx_tim.o
    0x080057b8   0x080057b8   0x00000018   Code   RO         5156    i.TIM_Cmd           stm32f4xx_tim.o
    0x080057d0   0x080057d0   0x00000046   Code   RO          984    i.TIM_Configuration  timer.o
    0x08005816   0x08005816   0x00000002   PAD
    0x08005818   0x08005818   0x00000190   Code   RO         5161    i.TIM_DeInit        stm32f4xx_tim.o
    0x080059a8   0x080059a8   0x00000084   Code   RO         5228    i.TIM_TimeBaseInit  stm32f4xx_tim.o
    0x08005a2c   0x08005a2c   0x00000088   Code   RO         1027    i.USART2_IRQHandler  usart.o
    0x08005ab4   0x08005ab4   0x00000018   Code   RO         1622    i.USART_Cmd         stm32f4xx_usart.o
    0x08005acc   0x08005acc   0x00000054   Code   RO         1626    i.USART_GetITStatus  stm32f4xx_usart.o
    0x08005b20   0x08005b20   0x0000004a   Code   RO         1628    i.USART_ITConfig    stm32f4xx_usart.o
    0x08005b6a   0x08005b6a   0x00000002   PAD
    0x08005b6c   0x08005b6c   0x000000d4   Code   RO         1629    i.USART_Init        stm32f4xx_usart.o
    0x08005c40   0x08005c40   0x0000000a   Code   RO         1636    i.USART_ReceiveData  stm32f4xx_usart.o
    0x08005c4a   0x08005c4a   0x00000002   PAD
    0x08005c4c   0x08005c4c   0x00000044   Code   RO         7193    i.UpdateEEPROMLoadedState  ecatslv.o
    0x08005c90   0x08005c90   0x00000004   Code   RO          315    i.UsageFault_Handler  stm32f4xx_it.o
    0x08005c94   0x08005c94   0x00000038   Code   RO          936    i.WR_CMD            spi1.o
    0x08005ccc   0x08005ccc   0x00000020   Code   RO         7438    i.__0printf$3       mc_w.l(printf3.o)
    0x08005cec   0x08005cec   0x0000000e   Code   RO         7681    i.__scatterload_copy  mc_w.l(handlers.o)
    0x08005cfa   0x08005cfa   0x00000002   Code   RO         7682    i.__scatterload_null  mc_w.l(handlers.o)
    0x08005cfc   0x08005cfc   0x0000000e   Code   RO         7683    i.__scatterload_zeroinit  mc_w.l(handlers.o)
    0x08005d0a   0x08005d0a   0x00000002   PAD
    0x08005d0c   0x08005d0c   0x000001b8   Code   RO         7445    i._printf_core      mc_w.l(printf3.o)
    0x08005ec4   0x08005ec4   0x00000044   Code   RO          827    i.delay_init        delay.o
    0x08005f08   0x08005f08   0x0000000c   Code   RO          143    i.float_task        main.o
    0x08005f14   0x08005f14   0x0000001c   Code   RO         1029    i.fputc             usart.o
    0x08005f30   0x08005f30   0x00000050   Code   RO         7610    i.free              mc_w.l(malloc.o)
    0x08005f80   0x08005f80   0x00000024   Code   RO          144    i.led0_task         main.o
    0x08005fa4   0x08005fa4   0x00000028   Code   RO          145    i.led1_task         main.o
    0x08005fcc   0x08005fcc   0x00000058   Code   RO          146    i.main              main.o
    0x08006024   0x08006024   0x0000006c   Code   RO         7611    i.malloc            mc_w.l(malloc.o)
    0x08006090   0x08006090   0x00000098   Code   RO         6176    i.prvAddCurrentTaskToDelayedList  tasks.o
    0x08006128   0x08006128   0x000000b8   Code   RO         6177    i.prvAddNewTaskToReadyList  tasks.o
    0x080061e0   0x080061e0   0x00000064   Code   RO         6544    i.prvCheckForValidListAndQueue  timers.o
    0x08006244   0x08006244   0x00000064   Code   RO         6178    i.prvCheckTasksWaitingTermination  tasks.o
    0x080062a8   0x080062a8   0x0000002a   Code   RO         5935    i.prvCopyDataFromQueue  queue.o
    0x080062d2   0x080062d2   0x0000007c   Code   RO         5936    i.prvCopyDataToQueue  queue.o
    0x0800634e   0x0800634e   0x00000012   Code   RO         6179    i.prvDeleteTCB      tasks.o
    0x08006360   0x08006360   0x00000028   Code   RO         6545    i.prvGetNextExpireTime  timers.o
    0x08006388   0x08006388   0x0000007c   Code   RO         6767    i.prvHeapInit       heap_4.o
    0x08006404   0x08006404   0x00000028   Code   RO         6180    i.prvIdleTask       tasks.o
    0x0800642c   0x0800642c   0x0000002e   Code   RO         5938    i.prvInitialiseNewQueue  queue.o
    0x0800645a   0x0800645a   0x00000002   PAD
    0x0800645c   0x0800645c   0x000000d0   Code   RO         6181    i.prvInitialiseNewTask  tasks.o
    0x0800652c   0x0800652c   0x00000068   Code   RO         6182    i.prvInitialiseTaskLists  tasks.o
    0x08006594   0x08006594   0x00000068   Code   RO         6768    i.prvInsertBlockIntoFreeList  heap_4.o
    0x080065fc   0x080065fc   0x00000058   Code   RO         6547    i.prvInsertTimerInActiveList  timers.o
    0x08006654   0x08006654   0x0000001a   Code   RO         5939    i.prvIsQueueEmpty   queue.o
    0x0800666e   0x0800666e   0x0000001e   Code   RO         5940    i.prvIsQueueFull    queue.o
    0x0800668c   0x0800668c   0x000000a0   Code   RO         5941    i.prvNotifyQueueSetContainer  queue.o
    0x0800672c   0x0800672c   0x00000080   Code   RO         6548    i.prvProcessExpiredTimer  timers.o
    0x080067ac   0x080067ac   0x0000012c   Code   RO         6549    i.prvProcessReceivedCommands  timers.o
    0x080068d8   0x080068d8   0x00000074   Code   RO         6550    i.prvProcessTimerOrBlockTask  timers.o
    0x0800694c   0x0800694c   0x00000034   Code   RO         6184    i.prvResetNextTaskUnblockTime  tasks.o
    0x08006980   0x08006980   0x0000002c   Code   RO         6551    i.prvSampleTimeNow  timers.o
    0x080069ac   0x080069ac   0x000000bc   Code   RO         6552    i.prvSwitchTimerLists  timers.o
    0x08006a68   0x08006a68   0x00000074   Code   RO         6683    i.prvTaskExitError  port.o
    0x08006adc   0x08006adc   0x0000001a   Code   RO         6553    i.prvTimerTask      timers.o
    0x08006af6   0x08006af6   0x00000092   Code   RO         5942    i.prvUnlockQueue    queue.o
    0x08006b88   0x08006b88   0x00000154   Code   RO         6769    i.pvPortMalloc      heap_4.o
    0x08006cdc   0x08006cdc   0x00000020   Code   RO         6188    i.pvTaskIncrementMutexHeldCount  tasks.o
    0x08006cfc   0x08006cfc   0x0000002c   Code   RO         6684    i.pxPortInitialiseStack  port.o
    0x08006d28   0x08006d28   0x00000094   Code   RO          147    i.start_task        main.o
    0x08006dbc   0x08006dbc   0x000000ac   Code   RO         1030    i.uart_init         usart.o
    0x08006e68   0x08006e68   0x00000028   Code   RO         5890    i.uxListRemove      list.o
    0x08006e90   0x08006e90   0x0000001a   Code   RO         5891    i.vListInitialise   list.o
    0x08006eaa   0x08006eaa   0x00000006   Code   RO         5892    i.vListInitialiseItem  list.o
    0x08006eb0   0x08006eb0   0x00000034   Code   RO         5893    i.vListInsert       list.o
    0x08006ee4   0x08006ee4   0x00000018   Code   RO         5894    i.vListInsertEnd    list.o
    0x08006efc   0x08006efc   0x00000088   Code   RO         6686    i.vPortEnterCritical  port.o
    0x08006f84   0x08006f84   0x00000070   Code   RO         6687    i.vPortExitCritical  port.o
    0x08006ff4   0x08006ff4   0x000000b8   Code   RO         6770    i.vPortFree         heap_4.o
    0x080070ac   0x080070ac   0x00000020   Code   RO         6688    i.vPortSetupTimerInterrupt  port.o
    0x080070cc   0x080070cc   0x000000a0   Code   RO         6689    i.vPortValidateInterruptPriority  port.o
    0x0800716c   0x0800716c   0x0000002c   Code   RO         5948    i.vQueueAddToRegistry  queue.o
    0x08007198   0x08007198   0x0000004a   Code   RO         5952    i.vQueueWaitForMessageRestricted  queue.o
    0x080071e2   0x080071e2   0x00000002   PAD
    0x080071e4   0x080071e4   0x00000074   Code   RO         6196    i.vTaskDelay        tasks.o
    0x08007258   0x08007258   0x0000010c   Code   RO         6198    i.vTaskDelete       tasks.o
    0x08007364   0x08007364   0x0000000c   Code   RO         6202    i.vTaskMissedYield  tasks.o
    0x08007370   0x08007370   0x00000054   Code   RO         6204    i.vTaskPlaceOnEventList  tasks.o
    0x080073c4   0x080073c4   0x0000005c   Code   RO         6205    i.vTaskPlaceOnEventListRestricted  tasks.o
    0x08007420   0x08007420   0x000000b0   Code   RO         6207    i.vTaskPriorityInherit  tasks.o
    0x080074d0   0x080074d0   0x0000004c   Code   RO         6211    i.vTaskSetTimeOutState  tasks.o
    0x0800751c   0x0800751c   0x000000ac   Code   RO         6212    i.vTaskStartScheduler  tasks.o
    0x080075c8   0x080075c8   0x00000010   Code   RO         6214    i.vTaskSuspendAll   tasks.o
    0x080075d8   0x080075d8   0x000000a8   Code   RO         6215    i.vTaskSwitchContext  tasks.o
    0x08007680   0x08007680   0x0000015c   Code   RO         6690    i.xPortStartScheduler  port.o
    0x080077dc   0x080077dc   0x00000034   Code   RO         6691    i.xPortSysTickHandler  port.o
    0x08007810   0x08007810   0x00000074   Code   RO         5957    i.xQueueGenericCreate  queue.o
    0x08007884   0x08007884   0x000001c8   Code   RO         5958    i.xQueueGenericReceive  queue.o
    0x08007a4c   0x08007a4c   0x000000b0   Code   RO         5959    i.xQueueGenericReset  queue.o
    0x08007afc   0x08007afc   0x000001c4   Code   RO         5960    i.xQueueGenericSend  queue.o
    0x08007cc0   0x08007cc0   0x00000110   Code   RO         5961    i.xQueueGenericSendFromISR  queue.o
    0x08007dd0   0x08007dd0   0x000000a0   Code   RO         6216    i.xTaskCheckForTimeOut  tasks.o
    0x08007e70   0x08007e70   0x00000060   Code   RO         6217    i.xTaskCreate       tasks.o
    0x08007ed0   0x08007ed0   0x00000020   Code   RO         6221    i.xTaskGetSchedulerState  tasks.o
    0x08007ef0   0x08007ef0   0x0000000c   Code   RO         6222    i.xTaskGetTickCount  tasks.o
    0x08007efc   0x08007efc   0x00000160   Code   RO         6224    i.xTaskIncrementTick  tasks.o
    0x0800805c   0x0800805c   0x000000d8   Code   RO         6227    i.xTaskPriorityDisinherit  tasks.o
    0x08008134   0x08008134   0x000000b4   Code   RO         6228    i.xTaskRemoveFromEventList  tasks.o
    0x080081e8   0x080081e8   0x00000120   Code   RO         6230    i.xTaskResumeAll    tasks.o
    0x08008308   0x08008308   0x00000074   Code   RO         6557    i.xTimerCreateTimerTask  timers.o
    0x0800837c   0x0800837c   0x000000a4   Code   RO         6558    i.xTimerGenericCommand  timers.o
    0x08008420   0x08008420   0x000008db   Data   RO          628    .constdata          coeappl.o
    0x08008cfb   0x08008cfb   0x00000001   PAD
    0x08008cfc   0x08008cfc   0x00000020   Data   RO         7029    .constdata          objdef.o
    0x08008d1c   0x08008d1c   0x00000078   Data   RO         7118    .constdata          sdoserv.o
    0x08008d94   0x08008d94   0x00000020   Data   RO         7679    Region$$Table       anon$$obj.o


    Execution Region RW_IRAM1 (Exec base: 0x20000000, Load base: 0x08008db4, Size: 0x000064f8, Max: 0x00020000, ABSOLUTE, COMPRESSED[0x000002a0])

    Exec Addr    Load Addr    Size         Type   Attr      Idx    E Section Name        Object

    0x20000000   COMPRESSED   0x00000014   Data   RW            6    .data               system_stm32f4xx.o
    0x20000014   COMPRESSED   0x00000010   Data   RW          148    .data               main.o
    0x20000024   COMPRESSED   0x0000011c   Data   RW          379    .data               el9800appl.o
    0x20000140   COMPRESSED   0x00000004   Data   RW          499    .data               el9800hw.o
    0x20000144   COMPRESSED   0x00000460   Data   RW          629    .data               coeappl.o
    0x200005a4   COMPRESSED   0x0000001a   Data   RW          708    .data               ecatappl.o
    0x200005be   COMPRESSED   0x00000004   Data   RW          804    .data               adc1.o
    0x200005c2   COMPRESSED   0x00000004   Data   RW          831    .data               delay.o
    0x200005c6   COMPRESSED   0x00000002   PAD
    0x200005c8   COMPRESSED   0x00000006   Data   RW         1032    .data               usart.o
    0x200005ce   COMPRESSED   0x00000010   Data   RW         1281    .data               stm32f4xx_rcc.o
    0x200005de   COMPRESSED   0x00000002   PAD
    0x200005e0   COMPRESSED   0x0000003c   Data   RW         6233    .data               tasks.o
    0x2000061c   COMPRESSED   0x00000014   Data   RW         6566    .data               timers.o
    0x20000630   COMPRESSED   0x0000000c   Data   RW         6692    .data               port.o
    0x2000063c   COMPRESSED   0x00000018   Data   RW         6775    .data               heap_4.o
    0x20000654   COMPRESSED   0x00000004   Data   RW         6843    .data               ecatcoe.o
    0x20000658   COMPRESSED   0x00000021   Data   RW         6926    .data               mailbox.o
    0x20000679   COMPRESSED   0x00000003   PAD
    0x2000067c   COMPRESSED   0x0000001d   Data   RW         7030    .data               objdef.o
    0x20000699   COMPRESSED   0x00000003   PAD
    0x2000069c   COMPRESSED   0x0000003c   Data   RW         7119    .data               sdoserv.o
    0x200006d8   COMPRESSED   0x00000049   Data   RW         7194    .data               ecatslv.o
    0x20000721   COMPRESSED   0x00000003   PAD
    0x20000724   COMPRESSED   0x00000004   Data   RW         7656    .data               mc_w.l(mvars.o)
    0x20000728   COMPRESSED   0x00000004   Data   RW         7657    .data               mc_w.l(mvars.o)
    0x2000072c        -       0x0000002c   Zero   RW          498    .bss                el9800hw.o
    0x20000758        -       0x00000088   Zero   RW          707    .bss                ecatappl.o
    0x200007e0        -       0x000000c8   Zero   RW         1031    .bss                usart.o
    0x200008a8        -       0x00000040   Zero   RW         5972    .bss                queue.o
    0x200008e8        -       0x000002e4   Zero   RW         6232    .bss                tasks.o
    0x20000bcc        -       0x00000028   Zero   RW         6565    .bss                timers.o
    0x20000bf4        -       0x00005000   Zero   RW         6774    .bss                heap_4.o
    0x20005bf4        -       0x00000268   Zero   RW         6925    .bss                mailbox.o
    0x20005e5c        -       0x00000088   Zero   RW         7028    .bss                objdef.o
    0x20005ee4        -       0x0000000e   Zero   RW         7117    .bss                sdoserv.o
    0x20005ef2   COMPRESSED   0x00000006   PAD
    0x20005ef8        -       0x00000200   Zero   RW         1078    HEAP                startup_stm32f40_41xxx.o
    0x200060f8        -       0x00000400   Zero   RW         1077    STACK               startup_stm32f40_41xxx.o


==============================================================================

Image component sizes


      Code (inc. data)   RO Data    RW Data    ZI Data      Debug   Object Name

       272         18          0          4          0       1515   adc1.o
       716        114       2267       1120          0      11509   coeappl.o
        84         10          0          4          0       1227   delay.o
      1072        218          0         26        136       7773   ecatappl.o
       164         26          0          4          0       3127   ecatcoe.o
      5692        652          0         73          0      18949   ecatslv.o
      1080         60          0        284          0      12350   el9800appl.o
       780         72          0          4         44      37888   el9800hw.o
         0          0          0          0          0      10260   event_groups.o
       352         14          0          0          0       1987   exit.o
       752        176          0         24      20480       3907   heap_4.o
        64          4          0          0          0        511   led.o
       148          0          0          0          0       3150   list.o
      1924        300          0         33        616      12443   mailbox.o
       324        104          0         16          0     277425   main.o
       180         24          0          0          0       2033   misc.o
      3660        124         32         29        136      17955   objdef.o
      1182        396          0         12          0      10745   port.o
      2164        238          0          0         64      15649   queue.o
      3384        274        120         60         14      22855   sdoserv.o
       288         16          0          0          0       1714   spi1.o
        36          8        392          0       1536        828   startup_stm32f40_41xxx.o
       392         24          0          0          0       5411   stm32f4xx_adc.o
       110          6          0          0          0       2321   stm32f4xx_dma.o
       160         12          0          0          0       1457   stm32f4xx_exti.o
       248          0          0          0          0       3895   stm32f4xx_gpio.o
        20          0          0          0          0       2657   stm32f4xx_it.o
       392         48          0         16          0       5713   stm32f4xx_rcc.o
       288         24          0          0          0       4055   stm32f4xx_spi.o
        64          4          0          0          0        644   stm32f4xx_syscfg.o
       568         82          0          0          0       3614   stm32f4xx_tim.o
       404          8          0          0          0       4190   stm32f4xx_usart.o
       340         32          0         20          0      74801   system_stm32f4xx.o
      3406        878          0         60        740      29207   tasks.o
        70          0          0          0          0        624   timer.o
      1310        312          0         20         40       8711   timers.o
       336         28          0          6        200       3660   usart.o

    ----------------------------------------------------------------------
     32466       4306       2844       1828      24012     626760   Object Totals
         0          0         32          0          0          0   (incl. Generated)
        40          0          1         13          6          0   (incl. Padding)

    ----------------------------------------------------------------------

      Code (inc. data)   RO Data    RW Data    ZI Data      Debug   Library Member Name

        86          0          0          0          0          0   __dczerorl2.o
         0          0          0          0          0          0   entry.o
         0          0          0          0          0          0   entry10a.o
         0          0          0          0          0          0   entry11a.o
         8          4          0          0          0          0   entry2.o
         4          0          0          0          0          0   entry5.o
         0          0          0          0          0          0   entry7b.o
         0          0          0          0          0          0   entry8b.o
         8          4          0          0          0          0   entry9a.o
        30          0          0          0          0          0   handlers.o
        36          8          0          0          0         68   init.o
       188         20          0          0          0        160   malloc.o
        36          0          0          0          0         68   memcpya.o
        36          0          0          0          0        108   memseta.o
         0          0          0          8          0          0   mvars.o
       472         14          0          0          0        184   printf3.o
        14          0          0          0          0         68   strlen.o
        44          0          0          0          0         80   uidiv.o

    ----------------------------------------------------------------------
       966         50          0          8          0        736   Library Totals
         4          0          0          0          0          0   (incl. Padding)

    ----------------------------------------------------------------------

      Code (inc. data)   RO Data    RW Data    ZI Data      Debug   Library Name

       962         50          0          8          0        736   mc_w.l

    ----------------------------------------------------------------------
       966         50          0          8          0        736   Library Totals

    ----------------------------------------------------------------------

==============================================================================


      Code (inc. data)   RO Data    RW Data    ZI Data      Debug   

     33432       4356       2844       1836      24012     604020   Grand Totals
     33432       4356       2844        672      24012     604020   ELF Image Totals (compressed)
     33432       4356       2844        672          0          0   ROM Totals

==============================================================================

    Total RO  Size (Code + RO Data)                36276 (  35.43kB)
    Total RW  Size (RW Data + ZI Data)             25848 (  25.24kB)
    Total ROM Size (Code + RO Data + RW Data)      36948 (  36.08kB)

==============================================================================

